# serializer version: 1
# name: test_roadmap_snapshot
  list([
    dict({
      'deliverable_pillar': None,
      'deliverable_status': None,
      'deliverable_title': None,
      'deliverable_url': None,
      'epic_title': None,
      'epic_url': None,
      'issue_closed_at': '2024-11-12',
      'issue_is_closed': True,
      'issue_opened_at': '2024-11-07',
      'issue_parent': 'https://github.com/HHS/simpler-grants-gov/issues/2719',
      'issue_points': None,
      'issue_state': 'closed',
      'issue_status': 'Done',
      'issue_title': 'Draft email content for participants',
      'issue_type': 'Task',
      'issue_url': 'https://github.com/HHS/simpler-grants-gov/issues/2763',
      'project_number': 13,
      'project_owner': 'HHS',
      'quad_end': None,
      'quad_id': None,
      'quad_length': None,
      'quad_name': None,
      'quad_start': None,
      'sprint_end': None,
      'sprint_id': None,
      'sprint_length': None,
      'sprint_name': None,
      'sprint_start': None,
    }),
    dict({
      'deliverable_pillar': None,
      'deliverable_status': None,
      'deliverable_title': None,
      'deliverable_url': None,
      'epic_title': None,
      'epic_url': None,
      'issue_closed_at': '2024-11-25',
      'issue_is_closed': True,
      'issue_opened_at': '2024-11-13',
      'issue_parent': None,
      'issue_points': None,
      'issue_state': 'closed',
      'issue_status': 'Done',
      'issue_title': '[DRAFT] Save and Subscribe to a Search - Not Ready for Feedback',
      'issue_type': 'Task',
      'issue_url': 'https://github.com/HHS/simpler-grants-gov/issues/2820',
      'project_number': 13,
      'project_owner': 'HHS',
      'quad_end': None,
      'quad_id': None,
      'quad_length': None,
      'quad_name': None,
      'quad_start': None,
      'sprint_end': None,
      'sprint_id': None,
      'sprint_length': None,
      'sprint_name': None,
      'sprint_start': None,
    }),
    dict({
      'deliverable_pillar': None,
      'deliverable_status': None,
      'deliverable_title': None,
      'deliverable_url': None,
      'epic_title': None,
      'epic_url': None,
      'issue_closed_at': '2024-11-12',
      'issue_is_closed': True,
      'issue_opened_at': '2024-11-07',
      'issue_parent': 'https://github.com/HHS/simpler-grants-gov/issues/2719',
      'issue_points': None,
      'issue_state': 'closed',
      'issue_status': 'Done',
      'issue_title': 'Draft email content for participants',
      'issue_type': 'Task',
      'issue_url': 'https://github.com/HHS/simpler-grants-gov/issues/2763',
      'project_number': 17,
      'project_owner': 'HHS',
      'quad_end': None,
      'quad_id': None,
      'quad_length': None,
      'quad_name': None,
      'quad_start': None,
      'sprint_end': None,
      'sprint_id': None,
      'sprint_length': None,
      'sprint_name': None,
      'sprint_start': None,
    }),
    dict({
      'deliverable_pillar': None,
      'deliverable_status': None,
      'deliverable_title': None,
      'deliverable_url': None,
      'epic_title': None,
      'epic_url': None,
      'issue_closed_at': '2024-11-25',
      'issue_is_closed': True,
      'issue_opened_at': '2024-11-13',
      'issue_parent': None,
      'issue_points': None,
      'issue_state': 'closed',
      'issue_status': 'Done',
      'issue_title': '[DRAFT] Save and Subscribe to a Search - Not Ready for Feedback',
      'issue_type': 'Task',
      'issue_url': 'https://github.com/HHS/simpler-grants-gov/issues/2820',
      'project_number': 17,
      'project_owner': 'HHS',
      'quad_end': None,
      'quad_id': None,
      'quad_length': None,
      'quad_name': None,
      'quad_start': None,
      'sprint_end': None,
      'sprint_id': None,
      'sprint_length': None,
      'sprint_name': None,
      'sprint_start': None,
    }),
  ])
# ---
# name: test_sprint_snapshot
  list([
    dict({
      'deliverable_pillar': None,
      'deliverable_status': None,
      'deliverable_title': None,
      'deliverable_url': None,
      'epic_title': None,
      'epic_url': None,
      'issue_closed_at': None,
      'issue_is_closed': False,
      'issue_opened_at': '2025-02-06',
      'issue_parent': 'https://github.com/HHS/simpler-grants-gov/issues/3664',
      'issue_points': 1.0,
      'issue_state': 'open',
      'issue_status': 'Blocked',
      'issue_title': "Follow up email with participants who didn't certify for January meeting",
      'issue_type': 'Task',
      'issue_url': 'https://github.com/HHS/simpler-grants-gov/issues/3795',
      'project_number': 13,
      'project_owner': 'HHS',
      'quad_end': None,
      'quad_id': None,
      'quad_length': None,
      'quad_name': None,
      'quad_start': None,
      'sprint_end': '2025-02-19',
      'sprint_id': '12af8f24',
      'sprint_length': 14,
      'sprint_name': 'Sprint 2.3',
      'sprint_start': '2025-02-05',
    }),
    dict({
      'deliverable_pillar': None,
      'deliverable_status': None,
      'deliverable_title': None,
      'deliverable_url': None,
      'epic_title': None,
      'epic_url': None,
      'issue_closed_at': None,
      'issue_is_closed': False,
      'issue_opened_at': '2024-12-20',
      'issue_parent': 'https://github.com/HHS/simpler-grants-gov/issues/3174',
      'issue_points': None,
      'issue_state': 'open',
      'issue_status': 'Blocked',
      'issue_title': 'Update prod CNAME for CDN',
      'issue_type': 'Task',
      'issue_url': 'https://github.com/HHS/simpler-grants-gov/issues/3337',
      'project_number': 13,
      'project_owner': 'HHS',
      'quad_end': None,
      'quad_id': None,
      'quad_length': None,
      'quad_name': None,
      'quad_start': None,
      'sprint_end': '2025-02-19',
      'sprint_id': '12af8f24',
      'sprint_length': 14,
      'sprint_name': 'Sprint 2.3',
      'sprint_start': '2025-02-05',
    }),
    dict({
      'deliverable_pillar': None,
      'deliverable_status': None,
      'deliverable_title': None,
      'deliverable_url': None,
      'epic_title': None,
      'epic_url': None,
      'issue_closed_at': None,
      'issue_is_closed': False,
      'issue_opened_at': '2025-01-07',
      'issue_parent': 'https://github.com/HHS/simpler-grants-gov/issues/3046',
      'issue_points': None,
      'issue_state': 'open',
      'issue_status': 'Blocked',
      'issue_title': 'Caching strategy for the CDN in front of S3',
      'issue_type': 'Task',
      'issue_url': 'https://github.com/HHS/simpler-grants-gov/issues/3437',
      'project_number': 13,
      'project_owner': 'HHS',
      'quad_end': None,
      'quad_id': None,
      'quad_length': None,
      'quad_name': None,
      'quad_start': None,
      'sprint_end': '2025-02-19',
      'sprint_id': '12af8f24',
      'sprint_length': 14,
      'sprint_name': 'Sprint 2.3',
      'sprint_start': '2025-02-05',
    }),
    dict({
      'deliverable_pillar': None,
      'deliverable_status': None,
      'deliverable_title': None,
      'deliverable_url': None,
      'epic_title': None,
      'epic_url': None,
      'issue_closed_at': None,
      'issue_is_closed': False,
      'issue_opened_at': '2025-02-03',
      'issue_parent': 'https://github.com/HHS/simpler-grants-gov/issues/3348',
      'issue_points': None,
      'issue_state': 'open',
      'issue_status': 'In Review',
      'issue_title': 'Draft Apply MVP scope for discussion',
      'issue_type': 'Task',
      'issue_url': 'https://github.com/HHS/simpler-grants-gov/issues/3760',
      'project_number': 13,
      'project_owner': 'HHS',
      'quad_end': None,
      'quad_id': None,
      'quad_length': None,
      'quad_name': None,
      'quad_start': None,
      'sprint_end': '2025-02-19',
      'sprint_id': '12af8f24',
      'sprint_length': 14,
      'sprint_name': 'Sprint 2.3',
      'sprint_start': '2025-02-05',
    }),
    dict({
      'deliverable_pillar': None,
      'deliverable_status': None,
      'deliverable_title': None,
      'deliverable_url': None,
      'epic_title': None,
      'epic_url': None,
      'issue_closed_at': None,
      'issue_is_closed': False,
      'issue_opened_at': '2024-12-18',
      'issue_parent': 'https://github.com/HHS/simpler-grants-gov/issues/3118',
      'issue_points': None,
      'issue_state': 'open',
      'issue_status': 'In Review',
      'issue_title': 'Implementation for enabling users to save an opportunity',
      'issue_type': 'Task',
      'issue_url': 'https://github.com/HHS/simpler-grants-gov/issues/3306',
      'project_number': 13,
      'project_owner': 'HHS',
      'quad_end': None,
      'quad_id': None,
      'quad_length': None,
      'quad_name': None,
      'quad_start': None,
      'sprint_end': '2025-02-19',
      'sprint_id': '12af8f24',
      'sprint_length': 14,
      'sprint_name': 'Sprint 2.3',
      'sprint_start': '2025-02-05',
    }),
    dict({
      'deliverable_pillar': None,
      'deliverable_status': None,
      'deliverable_title': None,
      'deliverable_url': None,
      'epic_title': None,
      'epic_url': None,
      'issue_closed_at': None,
      'issue_is_closed': False,
      'issue_opened_at': '2025-01-30',
      'issue_parent': 'https://github.com/HHS/simpler-grants-gov/issues/3119',
      'issue_points': None,
      'issue_state': 'open',
      'issue_status': 'In Review',
      'issue_title': '''
        Adjust GET saved-search endpoint to
                          take in sorting/pagination and use it
      ''',
      'issue_type': 'Task',
      'issue_url': 'https://github.com/HHS/simpler-grants-gov/issues/3692',
      'project_number': 13,
      'project_owner': 'HHS',
      'quad_end': None,
      'quad_id': None,
      'quad_length': None,
      'quad_name': None,
      'quad_start': None,
      'sprint_end': '2025-02-19',
      'sprint_id': '12af8f24',
      'sprint_length': 14,
      'sprint_name': 'Sprint 2.3',
      'sprint_start': '2025-02-05',
    }),
    dict({
      'deliverable_pillar': None,
      'deliverable_status': None,
      'deliverable_title': None,
      'deliverable_url': None,
      'epic_title': None,
      'epic_url': None,
      'issue_closed_at': None,
      'issue_is_closed': False,
      'issue_opened_at': '2025-01-16',
      'issue_parent': None,
      'issue_points': None,
      'issue_state': 'open',
      'issue_status': 'In Progress',
      'issue_title': 'Container Vulnerability Scanning Plan',
      'issue_type': 'Task',
      'issue_url': 'https://github.com/HHS/simpler-grants-gov/issues/3550',
      'project_number': 13,
      'project_owner': 'HHS',
      'quad_end': None,
      'quad_id': None,
      'quad_length': None,
      'quad_name': None,
      'quad_start': None,
      'sprint_end': '2025-02-19',
      'sprint_id': '12af8f24',
      'sprint_length': 14,
      'sprint_name': 'Sprint 2.3',
      'sprint_start': '2025-02-05',
    }),
    dict({
      'deliverable_pillar': None,
      'deliverable_status': None,
      'deliverable_title': None,
      'deliverable_url': None,
      'epic_title': None,
      'epic_url': None,
      'issue_closed_at': '2025-02-06',
      'issue_is_closed': True,
      'issue_opened_at': '2025-02-03',
      'issue_parent': 'https://github.com/HHS/simpler-grants-gov/issues/3118',
      'issue_points': None,
      'issue_state': 'closed',
      'issue_status': 'Done',
      'issue_title': 'Create metadata for saved-grants page',
      'issue_type': 'Task',
      'issue_url': 'https://github.com/HHS/simpler-grants-gov/issues/3752',
      'project_number': 13,
      'project_owner': 'HHS',
      'quad_end': None,
      'quad_id': None,
      'quad_length': None,
      'quad_name': None,
      'quad_start': None,
      'sprint_end': '2025-02-19',
      'sprint_id': '12af8f24',
      'sprint_length': 14,
      'sprint_name': 'Sprint 2.3',
      'sprint_start': '2025-02-05',
    }),
    dict({
      'deliverable_pillar': None,
      'deliverable_status': None,
      'deliverable_title': None,
      'deliverable_url': None,
      'epic_title': None,
      'epic_url': None,
      'issue_closed_at': None,
      'issue_is_closed': False,
      'issue_opened_at': '2025-01-16',
      'issue_parent': None,
      'issue_points': None,
      'issue_state': 'open',
      'issue_status': 'In Review',
      'issue_title': 'WIldcard Certificates Plan',
      'issue_type': 'Task',
      'issue_url': 'https://github.com/HHS/simpler-grants-gov/issues/3549',
      'project_number': 13,
      'project_owner': 'HHS',
      'quad_end': None,
      'quad_id': None,
      'quad_length': None,
      'quad_name': None,
      'quad_start': None,
      'sprint_end': '2025-02-19',
      'sprint_id': '12af8f24',
      'sprint_length': 14,
      'sprint_name': 'Sprint 2.3',
      'sprint_start': '2025-02-05',
    }),
    dict({
      'deliverable_pillar': None,
      'deliverable_status': None,
      'deliverable_title': None,
      'deliverable_url': None,
      'epic_title': None,
      'epic_url': None,
      'issue_closed_at': '2025-02-06',
      'issue_is_closed': True,
      'issue_opened_at': '2025-01-01',
      'issue_parent': 'https://github.com/HHS/simpler-grants-gov/issues/3361',
      'issue_points': 3.0,
      'issue_state': 'closed',
      'issue_status': 'Done',
      'issue_title': '[CLI] Publish v0.1.0-beta to npm',
      'issue_type': 'Task',
      'issue_url': 'https://github.com/HHS/simpler-grants-protocol/issues/30',
      'project_number': 13,
      'project_owner': 'HHS',
      'quad_end': None,
      'quad_id': None,
      'quad_length': None,
      'quad_name': None,
      'quad_start': None,
      'sprint_end': '2025-02-19',
      'sprint_id': 'ea360bde',
      'sprint_length': 14,
      'sprint_name': 'Sprint 2.3',
      'sprint_start': '2025-02-05',
    }),
    dict({
      'deliverable_pillar': None,
      'deliverable_status': None,
      'deliverable_title': None,
      'deliverable_url': None,
      'epic_title': None,
      'epic_url': None,
      'issue_closed_at': None,
      'issue_is_closed': False,
      'issue_opened_at': '2025-01-21',
      'issue_parent': 'https://github.com/HHS/simpler-grants-gov/issues/3362',
      'issue_points': 3.0,
      'issue_state': 'open',
      'issue_status': 'In Progress',
      'issue_title': '[Branding] Choose the official name of the protocol',
      'issue_type': 'Task',
      'issue_url': 'https://github.com/HHS/simpler-grants-protocol/issues/46',
      'project_number': 13,
      'project_owner': 'HHS',
      'quad_end': None,
      'quad_id': None,
      'quad_length': None,
      'quad_name': None,
      'quad_start': None,
      'sprint_end': '2025-02-19',
      'sprint_id': 'ea360bde',
      'sprint_length': 14,
      'sprint_name': 'Sprint 2.3',
      'sprint_start': '2025-02-05',
    }),
    dict({
      'deliverable_pillar': None,
      'deliverable_status': None,
      'deliverable_title': None,
      'deliverable_url': None,
      'epic_title': None,
      'epic_url': None,
      'issue_closed_at': None,
      'issue_is_closed': False,
      'issue_opened_at': '2025-02-04',
      'issue_parent': 'https://github.com/HHS/simpler-grants-protocol/issues/25',
      'issue_points': 3.0,
      'issue_state': 'open',
      'issue_status': 'In Progress',
      'issue_title': '[Docs] Quickstart guide',
      'issue_type': 'Task',
      'issue_url': 'https://github.com/HHS/simpler-grants-protocol/issues/71',
      'project_number': 13,
      'project_owner': 'HHS',
      'quad_end': None,
      'quad_id': None,
      'quad_length': None,
      'quad_name': None,
      'quad_start': None,
      'sprint_end': '2025-02-19',
      'sprint_id': 'ea360bde',
      'sprint_length': 14,
      'sprint_name': 'Sprint 2.3',
      'sprint_start': '2025-02-05',
    }),
    dict({
      'deliverable_pillar': None,
      'deliverable_status': None,
      'deliverable_title': None,
      'deliverable_url': None,
      'epic_title': None,
      'epic_url': None,
      'issue_closed_at': None,
      'issue_is_closed': False,
      'issue_opened_at': '2025-02-04',
      'issue_parent': 'https://github.com/HHS/simpler-grants-protocol/issues/25',
      'issue_points': 3.0,
      'issue_state': 'open',
      'issue_status': 'In Progress',
      'issue_title': '[Docs] Draft specification',
      'issue_type': 'Task',
      'issue_url': 'https://github.com/HHS/simpler-grants-protocol/issues/72',
      'project_number': 13,
      'project_owner': 'HHS',
      'quad_end': None,
      'quad_id': None,
      'quad_length': None,
      'quad_name': None,
      'quad_start': None,
      'sprint_end': '2025-02-19',
      'sprint_id': 'ea360bde',
      'sprint_length': 14,
      'sprint_name': 'Sprint 2.3',
      'sprint_start': '2025-02-05',
    }),
    dict({
      'deliverable_pillar': None,
      'deliverable_status': None,
      'deliverable_title': None,
      'deliverable_url': None,
      'epic_title': None,
      'epic_url': None,
      'issue_closed_at': '2025-02-10',
      'issue_is_closed': True,
      'issue_opened_at': '2025-01-30',
      'issue_parent': 'https://github.com/HHS/simpler-grants-protocol/issues/40',
      'issue_points': 5.0,
      'issue_state': 'closed',
      'issue_status': 'Done',
      'issue_title': '[CLI] Create `cg init` command',
      'issue_type': 'Task',
      'issue_url': 'https://github.com/HHS/simpler-grants-protocol/issues/63',
      'project_number': 13,
      'project_owner': 'HHS',
      'quad_end': None,
      'quad_id': None,
      'quad_length': None,
      'quad_name': None,
      'quad_start': None,
      'sprint_end': '2025-02-19',
      'sprint_id': 'ea360bde',
      'sprint_length': 14,
      'sprint_name': 'Sprint 2.3',
      'sprint_start': '2025-02-05',
    }),
    dict({
      'deliverable_pillar': None,
      'deliverable_status': None,
      'deliverable_title': None,
      'deliverable_url': None,
      'epic_title': None,
      'epic_url': None,
      'issue_closed_at': '2025-02-04',
      'issue_is_closed': True,
      'issue_opened_at': '2025-01-01',
      'issue_parent': 'https://github.com/HHS/simpler-grants-protocol/issues/39',
      'issue_points': 3.0,
      'issue_state': 'closed',
      'issue_status': 'Done',
      'issue_title': '[Spec] Opportunity data model and base types',
      'issue_type': 'Task',
      'issue_url': 'https://github.com/HHS/simpler-grants-protocol/issues/22',
      'project_number': 13,
      'project_owner': 'HHS',
      'quad_end': None,
      'quad_id': None,
      'quad_length': None,
      'quad_name': None,
      'quad_start': None,
      'sprint_end': '2025-02-05',
      'sprint_id': '66557168',
      'sprint_length': 14,
      'sprint_name': 'Sprint 2.2',
      'sprint_start': '2025-01-22',
    }),
    dict({
      'deliverable_pillar': None,
      'deliverable_status': None,
      'deliverable_title': None,
      'deliverable_url': None,
      'epic_title': None,
      'epic_url': None,
      'issue_closed_at': '2025-02-04',
      'issue_is_closed': True,
      'issue_opened_at': '2025-01-02',
      'issue_parent': 'https://github.com/HHS/simpler-grants-gov/issues/3360',
      'issue_points': 1.0,
      'issue_state': 'closed',
      'issue_status': 'Done',
      'issue_title': '[Spec] Create v0.1.0-alpha library',
      'issue_type': 'Task',
      'issue_url': 'https://github.com/HHS/simpler-grants-protocol/issues/39',
      'project_number': 13,
      'project_owner': 'HHS',
      'quad_end': None,
      'quad_id': None,
      'quad_length': None,
      'quad_name': None,
      'quad_start': None,
      'sprint_end': '2025-02-05',
      'sprint_id': '66557168',
      'sprint_length': 14,
      'sprint_name': 'Sprint 2.2',
      'sprint_start': '2025-01-22',
    }),
    dict({
      'deliverable_pillar': None,
      'deliverable_status': None,
      'deliverable_title': None,
      'deliverable_url': None,
      'epic_title': None,
      'epic_url': None,
      'issue_closed_at': '2025-02-04',
      'issue_is_closed': True,
      'issue_opened_at': '2025-01-23',
      'issue_parent': 'https://github.com/HHS/simpler-grants-gov/issues/2944',
      'issue_points': 5.0,
      'issue_state': 'closed',
      'issue_status': 'Done',
      'issue_title': 'Document library - Gather and synthesize feedback',
      'issue_type': 'Task',
      'issue_url': 'https://github.com/HHS/grants-product-and-delivery/issues/383',
      'project_number': 13,
      'project_owner': 'HHS',
      'quad_end': None,
      'quad_id': None,
      'quad_length': None,
      'quad_name': None,
      'quad_start': None,
      'sprint_end': '2025-02-05',
      'sprint_id': '66557168',
      'sprint_length': 14,
      'sprint_name': 'Sprint 2.2',
      'sprint_start': '2025-01-22',
    }),
    dict({
      'deliverable_pillar': None,
      'deliverable_status': None,
      'deliverable_title': None,
      'deliverable_url': None,
      'epic_title': None,
      'epic_url': None,
      'issue_closed_at': '2025-02-04',
      'issue_is_closed': True,
      'issue_opened_at': '2025-01-23',
      'issue_parent': 'https://github.com/HHS/simpler-grants-gov/issues/2946',
      'issue_points': 3.0,
      'issue_state': 'closed',
      'issue_status': 'Done',
      'issue_title': 'Team health survey readout',
      'issue_type': 'Task',
      'issue_url': 'https://github.com/HHS/grants-product-and-delivery/issues/384',
      'project_number': 13,
      'project_owner': 'HHS',
      'quad_end': None,
      'quad_id': None,
      'quad_length': None,
      'quad_name': None,
      'quad_start': None,
      'sprint_end': '2025-02-05',
      'sprint_id': '66557168',
      'sprint_length': 14,
      'sprint_name': 'Sprint 2.2',
      'sprint_start': '2025-01-22',
    }),
    dict({
      'deliverable_pillar': None,
      'deliverable_status': None,
      'deliverable_title': None,
      'deliverable_url': None,
      'epic_title': None,
      'epic_url': None,
      'issue_closed_at': None,
      'issue_is_closed': False,
      'issue_opened_at': '2025-01-23',
      'issue_parent': 'https://github.com/HHS/grants-product-and-delivery/issues/388',
      'issue_points': 5.0,
      'issue_state': 'open',
      'issue_status': 'Blocked',
      'issue_title': 'Baltimore offsite - Line up conference space',
      'issue_type': 'Task',
      'issue_url': 'https://github.com/HHS/grants-product-and-delivery/issues/385',
      'project_number': 13,
      'project_owner': 'HHS',
      'quad_end': None,
      'quad_id': None,
      'quad_length': None,
      'quad_name': None,
      'quad_start': None,
      'sprint_end': '2025-02-05',
      'sprint_id': '66557168',
      'sprint_length': 14,
      'sprint_name': 'Sprint 2.2',
      'sprint_start': '2025-01-22',
    }),
    dict({
      'deliverable_pillar': None,
      'deliverable_status': None,
      'deliverable_title': None,
      'deliverable_url': None,
      'epic_title': None,
      'epic_url': None,
      'issue_closed_at': None,
      'issue_is_closed': False,
      'issue_opened_at': '2025-01-23',
      'issue_parent': 'https://github.com/HHS/grants-product-and-delivery/issues/388',
      'issue_points': None,
      'issue_state': 'open',
      'issue_status': 'Blocked',
      'issue_title': 'Baltimore offsite - Happy hour location',
      'issue_type': 'Task',
      'issue_url': 'https://github.com/HHS/grants-product-and-delivery/issues/387',
      'project_number': 13,
      'project_owner': 'HHS',
      'quad_end': None,
      'quad_id': None,
      'quad_length': None,
      'quad_name': None,
      'quad_start': None,
      'sprint_end': '2025-02-05',
      'sprint_id': '66557168',
      'sprint_length': 14,
      'sprint_name': 'Sprint 2.2',
      'sprint_start': '2025-01-22',
    }),
    dict({
      'deliverable_pillar': None,
      'deliverable_status': None,
      'deliverable_title': None,
      'deliverable_url': None,
      'epic_title': None,
      'epic_url': None,
      'issue_closed_at': '2025-02-03',
      'issue_is_closed': True,
      'issue_opened_at': '2025-01-23',
      'issue_parent': 'https://github.com/HHS/simpler-grants-gov/issues/2930',
      'issue_points': 5.0,
      'issue_state': 'closed',
      'issue_status': 'Done',
      'issue_title': 'Refactor queries in delivery metrics dashboard',
      'issue_type': 'Task',
      'issue_url': 'https://github.com/HHS/simpler-grants-gov/issues/3618',
      'project_number': 13,
      'project_owner': 'HHS',
      'quad_end': None,
      'quad_id': None,
      'quad_length': None,
      'quad_name': None,
      'quad_start': None,
      'sprint_end': '2025-02-05',
      'sprint_id': '66557168',
      'sprint_length': 14,
      'sprint_name': 'Sprint 2.2',
      'sprint_start': '2025-01-22',
    }),
    dict({
      'deliverable_pillar': None,
      'deliverable_status': None,
      'deliverable_title': None,
      'deliverable_url': None,
      'epic_title': None,
      'epic_url': None,
      'issue_closed_at': '2025-01-28',
      'issue_is_closed': True,
      'issue_opened_at': '2025-01-23',
      'issue_parent': 'https://github.com/HHS/simpler-grants-gov/issues/3380',
      'issue_points': 1.0,
      'issue_state': 'closed',
      'issue_status': 'Done',
      'issue_title': 'Sprint Dashboard: Table of tasks should link to GitHub',
      'issue_type': 'Task',
      'issue_url': 'https://github.com/HHS/simpler-grants-gov/issues/3625',
      'project_number': 13,
      'project_owner': 'HHS',
      'quad_end': None,
      'quad_id': None,
      'quad_length': None,
      'quad_name': None,
      'quad_start': None,
      'sprint_end': '2025-02-05',
      'sprint_id': '66557168',
      'sprint_length': 14,
      'sprint_name': 'Sprint 2.2',
      'sprint_start': '2025-01-22',
    }),
    dict({
      'deliverable_pillar': None,
      'deliverable_status': None,
      'deliverable_title': None,
      'deliverable_url': None,
      'epic_title': None,
      'epic_url': None,
      'issue_closed_at': '2025-01-30',
      'issue_is_closed': True,
      'issue_opened_at': '2025-01-08',
      'issue_parent': 'https://github.com/HHS/simpler-grants-gov/issues/3380',
      'issue_points': 3.0,
      'issue_state': 'closed',
      'issue_status': 'Done',
      'issue_title': 'Metrics Dashboards: gather feedback from stakeholders',
      'issue_type': 'Task',
      'issue_url': 'https://github.com/HHS/simpler-grants-gov/issues/3466',
      'project_number': 13,
      'project_owner': 'HHS',
      'quad_end': None,
      'quad_id': None,
      'quad_length': None,
      'quad_name': None,
      'quad_start': None,
      'sprint_end': '2025-02-05',
      'sprint_id': '66557168',
      'sprint_length': 14,
      'sprint_name': 'Sprint 2.2',
      'sprint_start': '2025-01-22',
    }),
    dict({
      'deliverable_pillar': None,
      'deliverable_status': None,
      'deliverable_title': None,
      'deliverable_url': None,
      'epic_title': None,
      'epic_url': None,
      'issue_closed_at': '2025-01-30',
      'issue_is_closed': True,
      'issue_opened_at': '2025-01-23',
      'issue_parent': 'https://github.com/HHS/simpler-grants-gov/issues/3380',
      'issue_points': 3.0,
      'issue_state': 'closed',
      'issue_status': 'Done',
      'issue_title': 'Delivery Dashboard: default to latest available data',
      'issue_type': 'Task',
      'issue_url': 'https://github.com/HHS/simpler-grants-gov/issues/3619',
      'project_number': 13,
      'project_owner': 'HHS',
      'quad_end': None,
      'quad_id': None,
      'quad_length': None,
      'quad_name': None,
      'quad_start': None,
      'sprint_end': '2025-02-05',
      'sprint_id': '66557168',
      'sprint_length': 14,
      'sprint_name': 'Sprint 2.2',
      'sprint_start': '2025-01-22',
    }),
    dict({
      'deliverable_pillar': None,
      'deliverable_status': None,
      'deliverable_title': None,
      'deliverable_url': None,
      'epic_title': None,
      'epic_url': None,
      'issue_closed_at': '2025-01-30',
      'issue_is_closed': True,
      'issue_opened_at': '2025-01-23',
      'issue_parent': 'https://github.com/HHS/simpler-grants-gov/issues/3380',
      'issue_points': 3.0,
      'issue_state': 'closed',
      'issue_status': 'Done',
      'issue_title': 'Delivery Dashboard: reduce empty space in burnup/burndown charts',
      'issue_type': 'Task',
      'issue_url': 'https://github.com/HHS/simpler-grants-gov/issues/3620',
      'project_number': 13,
      'project_owner': 'HHS',
      'quad_end': None,
      'quad_id': None,
      'quad_length': None,
      'quad_name': None,
      'quad_start': None,
      'sprint_end': '2025-02-05',
      'sprint_id': '66557168',
      'sprint_length': 14,
      'sprint_name': 'Sprint 2.2',
      'sprint_start': '2025-01-22',
    }),
    dict({
      'deliverable_pillar': None,
      'deliverable_status': None,
      'deliverable_title': None,
      'deliverable_url': None,
      'epic_title': None,
      'epic_url': None,
      'issue_closed_at': '2025-01-30',
      'issue_is_closed': True,
      'issue_opened_at': '2025-01-23',
      'issue_parent': 'https://github.com/HHS/simpler-grants-gov/issues/3380',
      'issue_points': 3.0,
      'issue_state': 'closed',
      'issue_status': 'Done',
      'issue_title': '''
        Delivery Dashboard: display data for deliverable
                          regardless of quad boundaries
      ''',
      'issue_type': 'Task',
      'issue_url': 'https://github.com/HHS/simpler-grants-gov/issues/3622',
      'project_number': 13,
      'project_owner': 'HHS',
      'quad_end': None,
      'quad_id': None,
      'quad_length': None,
      'quad_name': None,
      'quad_start': None,
      'sprint_end': '2025-02-05',
      'sprint_id': '66557168',
      'sprint_length': 14,
      'sprint_name': 'Sprint 2.2',
      'sprint_start': '2025-01-22',
    }),
    dict({
      'deliverable_pillar': None,
      'deliverable_status': None,
      'deliverable_title': None,
      'deliverable_url': None,
      'epic_title': None,
      'epic_url': None,
      'issue_closed_at': '2025-01-30',
      'issue_is_closed': True,
      'issue_opened_at': '2025-01-23',
      'issue_parent': 'https://github.com/HHS/simpler-grants-gov/issues/3380',
      'issue_points': 3.0,
      'issue_state': 'closed',
      'issue_status': 'Done',
      'issue_title': 'Delivery Dashboard: create option to show/hide closed issues',
      'issue_type': 'Task',
      'issue_url': 'https://github.com/HHS/simpler-grants-gov/issues/3623',
      'project_number': 13,
      'project_owner': 'HHS',
      'quad_end': None,
      'quad_id': None,
      'quad_length': None,
      'quad_name': None,
      'quad_start': None,
      'sprint_end': '2025-02-05',
      'sprint_id': '66557168',
      'sprint_length': 14,
      'sprint_name': 'Sprint 2.2',
      'sprint_start': '2025-01-22',
    }),
    dict({
      'deliverable_pillar': None,
      'deliverable_status': None,
      'deliverable_title': None,
      'deliverable_url': None,
      'epic_title': None,
      'epic_url': None,
      'issue_closed_at': '2025-01-30',
      'issue_is_closed': True,
      'issue_opened_at': '2025-01-23',
      'issue_parent': 'https://github.com/HHS/simpler-grants-gov/issues/3380',
      'issue_points': 1.0,
      'issue_state': 'closed',
      'issue_status': 'Done',
      'issue_title': 'Delivery Dashboard: Table of tasks should link to GitHub',
      'issue_type': 'Task',
      'issue_url': 'https://github.com/HHS/simpler-grants-gov/issues/3624',
      'project_number': 13,
      'project_owner': 'HHS',
      'quad_end': None,
      'quad_id': None,
      'quad_length': None,
      'quad_name': None,
      'quad_start': None,
      'sprint_end': '2025-02-05',
      'sprint_id': '66557168',
      'sprint_length': 14,
      'sprint_name': 'Sprint 2.2',
      'sprint_start': '2025-01-22',
    }),
    dict({
      'deliverable_pillar': None,
      'deliverable_status': None,
      'deliverable_title': None,
      'deliverable_url': None,
      'epic_title': None,
      'epic_url': None,
      'issue_closed_at': '2025-01-30',
      'issue_is_closed': True,
      'issue_opened_at': '2025-01-23',
      'issue_parent': 'https://github.com/HHS/simpler-grants-gov/issues/3380',
      'issue_points': 3.0,
      'issue_state': 'closed',
      'issue_status': 'Done',
      'issue_title': 'Delivery Dashboard: exclude done deliverables from percent pointed chart',
      'issue_type': 'Task',
      'issue_url': 'https://github.com/HHS/simpler-grants-gov/issues/3621',
      'project_number': 13,
      'project_owner': 'HHS',
      'quad_end': None,
      'quad_id': None,
      'quad_length': None,
      'quad_name': None,
      'quad_start': None,
      'sprint_end': '2025-02-05',
      'sprint_id': '66557168',
      'sprint_length': 14,
      'sprint_name': 'Sprint 2.2',
      'sprint_start': '2025-01-22',
    }),
    dict({
      'deliverable_pillar': None,
      'deliverable_status': None,
      'deliverable_title': None,
      'deliverable_url': None,
      'epic_title': None,
      'epic_url': None,
      'issue_closed_at': '2025-01-29',
      'issue_is_closed': True,
      'issue_opened_at': '2025-01-23',
      'issue_parent': 'https://github.com/HHS/simpler-grants-protocol/issues/27',
      'issue_points': 3.0,
      'issue_state': 'closed',
      'issue_status': 'Done',
      'issue_title': '[Spike] Auto-generate API code from TypeSpec',
      'issue_type': 'Task',
      'issue_url': 'https://github.com/HHS/simpler-grants-protocol/issues/48',
      'project_number': 13,
      'project_owner': 'HHS',
      'quad_end': None,
      'quad_id': None,
      'quad_length': None,
      'quad_name': None,
      'quad_start': None,
      'sprint_end': '2025-02-05',
      'sprint_id': '66557168',
      'sprint_length': 14,
      'sprint_name': 'Sprint 2.2',
      'sprint_start': '2025-01-22',
    }),
    dict({
      'deliverable_pillar': None,
      'deliverable_status': None,
      'deliverable_title': None,
      'deliverable_url': None,
      'epic_title': None,
      'epic_url': None,
      'issue_closed_at': '2025-01-27',
      'issue_is_closed': True,
      'issue_opened_at': '2025-01-27',
      'issue_parent': 'https://github.com/HHS/simpler-grants-protocol/issues/24',
      'issue_points': 3.0,
      'issue_state': 'closed',
      'issue_status': 'Done',
      'issue_title': 'ADR: Library publishing strategy',
      'issue_type': 'Task',
      'issue_url': 'https://github.com/HHS/simpler-grants-protocol/issues/54',
      'project_number': 13,
      'project_owner': 'HHS',
      'quad_end': None,
      'quad_id': None,
      'quad_length': None,
      'quad_name': None,
      'quad_start': None,
      'sprint_end': '2025-02-05',
      'sprint_id': '66557168',
      'sprint_length': 14,
      'sprint_name': 'Sprint 2.2',
      'sprint_start': '2025-01-22',
    }),
    dict({
      'deliverable_pillar': None,
      'deliverable_status': None,
      'deliverable_title': None,
      'deliverable_url': None,
      'epic_title': None,
      'epic_url': None,
      'issue_closed_at': '2025-01-21',
      'issue_is_closed': True,
      'issue_opened_at': '2025-01-08',
      'issue_parent': 'https://github.com/HHS/simpler-grants-gov/issues/2944',
      'issue_points': 5.0,
      'issue_state': 'closed',
      'issue_status': 'Done',
      'issue_title': 'Document library - Create user research plan',
      'issue_type': 'Task',
      'issue_url': 'https://github.com/HHS/grants-product-and-delivery/issues/379',
      'project_number': 13,
      'project_owner': 'HHS',
      'quad_end': None,
      'quad_id': None,
      'quad_length': None,
      'quad_name': None,
      'quad_start': None,
      'sprint_end': '2025-01-22',
      'sprint_id': '9b36ea5e',
      'sprint_length': 14,
      'sprint_name': 'Sprint 2.1',
      'sprint_start': '2025-01-08',
    }),
    dict({
      'deliverable_pillar': None,
      'deliverable_status': None,
      'deliverable_title': None,
      'deliverable_url': None,
      'epic_title': None,
      'epic_url': None,
      'issue_closed_at': '2025-01-21',
      'issue_is_closed': True,
      'issue_opened_at': '2024-11-20',
      'issue_parent': 'https://github.com/HHS/simpler-grants-gov/issues/2946',
      'issue_points': 2.0,
      'issue_state': 'closed',
      'issue_status': 'Done',
      'issue_title': 'Process and review survey results with Margaret',
      'issue_type': 'Task',
      'issue_url': 'https://github.com/HHS/simpler-grants-gov/issues/2954',
      'project_number': 13,
      'project_owner': 'HHS',
      'quad_end': None,
      'quad_id': None,
      'quad_length': None,
      'quad_name': None,
      'quad_start': None,
      'sprint_end': '2025-01-22',
      'sprint_id': '9b36ea5e',
      'sprint_length': 14,
      'sprint_name': 'Sprint 2.1',
      'sprint_start': '2025-01-08',
    }),
    dict({
      'deliverable_pillar': None,
      'deliverable_status': None,
      'deliverable_title': None,
      'deliverable_url': None,
      'epic_title': None,
      'epic_url': None,
      'issue_closed_at': '2025-01-21',
      'issue_is_closed': True,
      'issue_opened_at': '2025-01-08',
      'issue_parent': 'https://github.com/HHS/simpler-grants-gov/issues/2930',
      'issue_points': 1.0,
      'issue_state': 'closed',
      'issue_status': 'Done',
      'issue_title': 'Deprecate old `analytics/` code',
      'issue_type': 'Task',
      'issue_url': 'https://github.com/HHS/simpler-grants-gov/issues/3465',
      'project_number': 13,
      'project_owner': 'HHS',
      'quad_end': None,
      'quad_id': None,
      'quad_length': None,
      'quad_name': None,
      'quad_start': None,
      'sprint_end': '2025-01-22',
      'sprint_id': '9b36ea5e',
      'sprint_length': 14,
      'sprint_name': 'Sprint 2.1',
      'sprint_start': '2025-01-08',
    }),
    dict({
      'deliverable_pillar': None,
      'deliverable_status': None,
      'deliverable_title': None,
      'deliverable_url': None,
      'epic_title': None,
      'epic_url': None,
      'issue_closed_at': '2025-01-21',
      'issue_is_closed': True,
      'issue_opened_at': '2024-09-17',
      'issue_parent': 'https://github.com/HHS/simpler-grants-gov/issues/3465',
      'issue_points': 5.0,
      'issue_state': 'closed',
      'issue_status': 'Done',
      'issue_title': 'Update analytics documentation',
      'issue_type': 'Task',
      'issue_url': 'https://github.com/HHS/simpler-grants-gov/issues/2130',
      'project_number': 13,
      'project_owner': 'HHS',
      'quad_end': None,
      'quad_id': None,
      'quad_length': None,
      'quad_name': None,
      'quad_start': None,
      'sprint_end': '2025-01-22',
      'sprint_id': '9b36ea5e',
      'sprint_length': 14,
      'sprint_name': 'Sprint 2.1',
      'sprint_start': '2025-01-08',
    }),
    dict({
      'deliverable_pillar': None,
      'deliverable_status': None,
      'deliverable_title': None,
      'deliverable_url': None,
      'epic_title': None,
      'epic_url': None,
      'issue_closed_at': '2025-01-21',
      'issue_is_closed': True,
      'issue_opened_at': '2025-01-01',
      'issue_parent': 'https://github.com/HHS/simpler-grants-gov/issues/3362',
      'issue_points': 2.0,
      'issue_state': 'closed',
      'issue_status': 'Done',
      'issue_title': '[Branding] Choose a working title for the protocol',
      'issue_type': 'Task',
      'issue_url': 'https://github.com/HHS/simpler-grants-protocol/issues/31',
      'project_number': 13,
      'project_owner': 'HHS',
      'quad_end': None,
      'quad_id': None,
      'quad_length': None,
      'quad_name': None,
      'quad_start': None,
      'sprint_end': '2025-01-22',
      'sprint_id': '9b36ea5e',
      'sprint_length': 14,
      'sprint_name': 'Sprint 2.1',
      'sprint_start': '2025-01-08',
    }),
    dict({
      'deliverable_pillar': None,
      'deliverable_status': None,
      'deliverable_title': None,
      'deliverable_url': None,
      'epic_title': None,
      'epic_url': None,
      'issue_closed_at': '2025-01-20',
      'issue_is_closed': True,
      'issue_opened_at': '2025-01-01',
      'issue_parent': 'https://github.com/HHS/simpler-grants-protocol/issues/34',
      'issue_points': 3.0,
      'issue_state': 'closed',
      'issue_status': 'Done',
      'issue_title': '[Spec] Draft a unified grant data model',
      'issue_type': 'Task',
      'issue_url': 'https://github.com/HHS/simpler-grants-protocol/issues/19',
      'project_number': 13,
      'project_owner': 'HHS',
      'quad_end': None,
      'quad_id': None,
      'quad_length': None,
      'quad_name': None,
      'quad_start': None,
      'sprint_end': '2025-01-22',
      'sprint_id': '9b36ea5e',
      'sprint_length': 14,
      'sprint_name': 'Sprint 2.1',
      'sprint_start': '2025-01-08',
    }),
    dict({
      'deliverable_pillar': None,
      'deliverable_status': None,
      'deliverable_title': None,
      'deliverable_url': None,
      'epic_title': None,
      'epic_url': None,
      'issue_closed_at': None,
      'issue_is_closed': False,
      'issue_opened_at': '2025-02-06',
      'issue_parent': 'https://github.com/HHS/simpler-grants-gov/issues/3664',
      'issue_points': 1.0,
      'issue_state': 'open',
      'issue_status': 'Blocked',
      'issue_title': "Follow up email with participants who didn't certify for January meeting",
      'issue_type': 'Task',
      'issue_url': 'https://github.com/HHS/simpler-grants-gov/issues/3795',
      'project_number': 17,
      'project_owner': 'HHS',
      'quad_end': None,
      'quad_id': None,
      'quad_length': None,
      'quad_name': None,
      'quad_start': None,
      'sprint_end': '2025-02-19',
      'sprint_id': '12af8f24',
      'sprint_length': 14,
      'sprint_name': 'Sprint 2.3',
      'sprint_start': '2025-02-05',
    }),
    dict({
      'deliverable_pillar': None,
      'deliverable_status': None,
      'deliverable_title': None,
      'deliverable_url': None,
      'epic_title': None,
      'epic_url': None,
      'issue_closed_at': None,
      'issue_is_closed': False,
      'issue_opened_at': '2024-12-20',
      'issue_parent': 'https://github.com/HHS/simpler-grants-gov/issues/3174',
      'issue_points': None,
      'issue_state': 'open',
      'issue_status': 'Blocked',
      'issue_title': 'Update prod CNAME for CDN',
      'issue_type': 'Task',
      'issue_url': 'https://github.com/HHS/simpler-grants-gov/issues/3337',
      'project_number': 17,
      'project_owner': 'HHS',
      'quad_end': None,
      'quad_id': None,
      'quad_length': None,
      'quad_name': None,
      'quad_start': None,
      'sprint_end': '2025-02-19',
      'sprint_id': '12af8f24',
      'sprint_length': 14,
      'sprint_name': 'Sprint 2.3',
      'sprint_start': '2025-02-05',
    }),
    dict({
      'deliverable_pillar': None,
      'deliverable_status': None,
      'deliverable_title': None,
      'deliverable_url': None,
      'epic_title': None,
      'epic_url': None,
      'issue_closed_at': None,
      'issue_is_closed': False,
      'issue_opened_at': '2025-01-07',
      'issue_parent': 'https://github.com/HHS/simpler-grants-gov/issues/3046',
      'issue_points': None,
      'issue_state': 'open',
      'issue_status': 'Blocked',
      'issue_title': 'Caching strategy for the CDN in front of S3',
      'issue_type': 'Task',
      'issue_url': 'https://github.com/HHS/simpler-grants-gov/issues/3437',
      'project_number': 17,
      'project_owner': 'HHS',
      'quad_end': None,
      'quad_id': None,
      'quad_length': None,
      'quad_name': None,
      'quad_start': None,
      'sprint_end': '2025-02-19',
      'sprint_id': '12af8f24',
      'sprint_length': 14,
      'sprint_name': 'Sprint 2.3',
      'sprint_start': '2025-02-05',
    }),
    dict({
      'deliverable_pillar': None,
      'deliverable_status': None,
      'deliverable_title': None,
      'deliverable_url': None,
      'epic_title': None,
      'epic_url': None,
      'issue_closed_at': None,
      'issue_is_closed': False,
      'issue_opened_at': '2025-02-03',
      'issue_parent': 'https://github.com/HHS/simpler-grants-gov/issues/3348',
      'issue_points': None,
      'issue_state': 'open',
      'issue_status': 'In Review',
      'issue_title': 'Draft Apply MVP scope for discussion',
      'issue_type': 'Task',
      'issue_url': 'https://github.com/HHS/simpler-grants-gov/issues/3760',
      'project_number': 17,
      'project_owner': 'HHS',
      'quad_end': None,
      'quad_id': None,
      'quad_length': None,
      'quad_name': None,
      'quad_start': None,
      'sprint_end': '2025-02-19',
      'sprint_id': '12af8f24',
      'sprint_length': 14,
      'sprint_name': 'Sprint 2.3',
      'sprint_start': '2025-02-05',
    }),
    dict({
      'deliverable_pillar': None,
      'deliverable_status': None,
      'deliverable_title': None,
      'deliverable_url': None,
      'epic_title': None,
      'epic_url': None,
      'issue_closed_at': None,
      'issue_is_closed': False,
      'issue_opened_at': '2024-12-18',
      'issue_parent': 'https://github.com/HHS/simpler-grants-gov/issues/3118',
      'issue_points': None,
      'issue_state': 'open',
      'issue_status': 'In Review',
      'issue_title': 'Implementation for enabling users to save an opportunity',
      'issue_type': 'Task',
      'issue_url': 'https://github.com/HHS/simpler-grants-gov/issues/3306',
      'project_number': 17,
      'project_owner': 'HHS',
      'quad_end': None,
      'quad_id': None,
      'quad_length': None,
      'quad_name': None,
      'quad_start': None,
      'sprint_end': '2025-02-19',
      'sprint_id': '12af8f24',
      'sprint_length': 14,
      'sprint_name': 'Sprint 2.3',
      'sprint_start': '2025-02-05',
    }),
    dict({
      'deliverable_pillar': None,
      'deliverable_status': None,
      'deliverable_title': None,
      'deliverable_url': None,
      'epic_title': None,
      'epic_url': None,
      'issue_closed_at': None,
      'issue_is_closed': False,
      'issue_opened_at': '2025-01-30',
      'issue_parent': 'https://github.com/HHS/simpler-grants-gov/issues/3119',
      'issue_points': None,
      'issue_state': 'open',
      'issue_status': 'In Review',
      'issue_title': '''
        Adjust GET saved-search endpoint to
                          take in sorting/pagination and use it
      ''',
      'issue_type': 'Task',
      'issue_url': 'https://github.com/HHS/simpler-grants-gov/issues/3692',
      'project_number': 17,
      'project_owner': 'HHS',
      'quad_end': None,
      'quad_id': None,
      'quad_length': None,
      'quad_name': None,
      'quad_start': None,
      'sprint_end': '2025-02-19',
      'sprint_id': '12af8f24',
      'sprint_length': 14,
      'sprint_name': 'Sprint 2.3',
      'sprint_start': '2025-02-05',
    }),
    dict({
      'deliverable_pillar': None,
      'deliverable_status': None,
      'deliverable_title': None,
      'deliverable_url': None,
      'epic_title': None,
      'epic_url': None,
      'issue_closed_at': None,
      'issue_is_closed': False,
      'issue_opened_at': '2025-01-16',
      'issue_parent': None,
      'issue_points': None,
      'issue_state': 'open',
      'issue_status': 'In Progress',
      'issue_title': 'Container Vulnerability Scanning Plan',
      'issue_type': 'Task',
      'issue_url': 'https://github.com/HHS/simpler-grants-gov/issues/3550',
      'project_number': 17,
      'project_owner': 'HHS',
      'quad_end': None,
      'quad_id': None,
      'quad_length': None,
      'quad_name': None,
      'quad_start': None,
      'sprint_end': '2025-02-19',
      'sprint_id': '12af8f24',
      'sprint_length': 14,
      'sprint_name': 'Sprint 2.3',
      'sprint_start': '2025-02-05',
    }),
    dict({
      'deliverable_pillar': None,
      'deliverable_status': None,
      'deliverable_title': None,
      'deliverable_url': None,
      'epic_title': None,
      'epic_url': None,
      'issue_closed_at': '2025-02-06',
      'issue_is_closed': True,
      'issue_opened_at': '2025-02-03',
      'issue_parent': 'https://github.com/HHS/simpler-grants-gov/issues/3118',
      'issue_points': None,
      'issue_state': 'closed',
      'issue_status': 'Done',
      'issue_title': 'Create metadata for saved-grants page',
      'issue_type': 'Task',
      'issue_url': 'https://github.com/HHS/simpler-grants-gov/issues/3752',
      'project_number': 17,
      'project_owner': 'HHS',
      'quad_end': None,
      'quad_id': None,
      'quad_length': None,
      'quad_name': None,
      'quad_start': None,
      'sprint_end': '2025-02-19',
      'sprint_id': '12af8f24',
      'sprint_length': 14,
      'sprint_name': 'Sprint 2.3',
      'sprint_start': '2025-02-05',
    }),
    dict({
      'deliverable_pillar': None,
      'deliverable_status': None,
      'deliverable_title': None,
      'deliverable_url': None,
      'epic_title': None,
      'epic_url': None,
      'issue_closed_at': None,
      'issue_is_closed': False,
      'issue_opened_at': '2025-01-16',
      'issue_parent': None,
      'issue_points': None,
      'issue_state': 'open',
      'issue_status': 'In Review',
      'issue_title': 'WIldcard Certificates Plan',
      'issue_type': 'Task',
      'issue_url': 'https://github.com/HHS/simpler-grants-gov/issues/3549',
      'project_number': 17,
      'project_owner': 'HHS',
      'quad_end': None,
      'quad_id': None,
      'quad_length': None,
      'quad_name': None,
      'quad_start': None,
      'sprint_end': '2025-02-19',
      'sprint_id': '12af8f24',
      'sprint_length': 14,
      'sprint_name': 'Sprint 2.3',
      'sprint_start': '2025-02-05',
    }),
    dict({
      'deliverable_pillar': None,
      'deliverable_status': None,
      'deliverable_title': None,
      'deliverable_url': None,
      'epic_title': None,
      'epic_url': None,
      'issue_closed_at': '2025-02-06',
      'issue_is_closed': True,
      'issue_opened_at': '2025-01-01',
      'issue_parent': 'https://github.com/HHS/simpler-grants-gov/issues/3361',
      'issue_points': 3.0,
      'issue_state': 'closed',
      'issue_status': 'Done',
      'issue_title': '[CLI] Publish v0.1.0-beta to npm',
      'issue_type': 'Task',
      'issue_url': 'https://github.com/HHS/simpler-grants-protocol/issues/30',
      'project_number': 17,
      'project_owner': 'HHS',
      'quad_end': None,
      'quad_id': None,
      'quad_length': None,
      'quad_name': None,
      'quad_start': None,
      'sprint_end': '2025-02-19',
      'sprint_id': 'ea360bde',
      'sprint_length': 14,
      'sprint_name': 'Sprint 2.3',
      'sprint_start': '2025-02-05',
    }),
    dict({
      'deliverable_pillar': None,
      'deliverable_status': None,
      'deliverable_title': None,
      'deliverable_url': None,
      'epic_title': None,
      'epic_url': None,
      'issue_closed_at': None,
      'issue_is_closed': False,
      'issue_opened_at': '2025-01-21',
      'issue_parent': 'https://github.com/HHS/simpler-grants-gov/issues/3362',
      'issue_points': 3.0,
      'issue_state': 'open',
      'issue_status': 'In Progress',
      'issue_title': '[Branding] Choose the official name of the protocol',
      'issue_type': 'Task',
      'issue_url': 'https://github.com/HHS/simpler-grants-protocol/issues/46',
      'project_number': 17,
      'project_owner': 'HHS',
      'quad_end': None,
      'quad_id': None,
      'quad_length': None,
      'quad_name': None,
      'quad_start': None,
      'sprint_end': '2025-02-19',
      'sprint_id': 'ea360bde',
      'sprint_length': 14,
      'sprint_name': 'Sprint 2.3',
      'sprint_start': '2025-02-05',
    }),
    dict({
      'deliverable_pillar': None,
      'deliverable_status': None,
      'deliverable_title': None,
      'deliverable_url': None,
      'epic_title': None,
      'epic_url': None,
      'issue_closed_at': None,
      'issue_is_closed': False,
      'issue_opened_at': '2025-02-04',
      'issue_parent': 'https://github.com/HHS/simpler-grants-protocol/issues/25',
      'issue_points': 3.0,
      'issue_state': 'open',
      'issue_status': 'In Progress',
      'issue_title': '[Docs] Quickstart guide',
      'issue_type': 'Task',
      'issue_url': 'https://github.com/HHS/simpler-grants-protocol/issues/71',
      'project_number': 17,
      'project_owner': 'HHS',
      'quad_end': None,
      'quad_id': None,
      'quad_length': None,
      'quad_name': None,
      'quad_start': None,
      'sprint_end': '2025-02-19',
      'sprint_id': 'ea360bde',
      'sprint_length': 14,
      'sprint_name': 'Sprint 2.3',
      'sprint_start': '2025-02-05',
    }),
    dict({
      'deliverable_pillar': None,
      'deliverable_status': None,
      'deliverable_title': None,
      'deliverable_url': None,
      'epic_title': None,
      'epic_url': None,
      'issue_closed_at': None,
      'issue_is_closed': False,
      'issue_opened_at': '2025-02-04',
      'issue_parent': 'https://github.com/HHS/simpler-grants-protocol/issues/25',
      'issue_points': 3.0,
      'issue_state': 'open',
      'issue_status': 'In Progress',
      'issue_title': '[Docs] Draft specification',
      'issue_type': 'Task',
      'issue_url': 'https://github.com/HHS/simpler-grants-protocol/issues/72',
      'project_number': 17,
      'project_owner': 'HHS',
      'quad_end': None,
      'quad_id': None,
      'quad_length': None,
      'quad_name': None,
      'quad_start': None,
      'sprint_end': '2025-02-19',
      'sprint_id': 'ea360bde',
      'sprint_length': 14,
      'sprint_name': 'Sprint 2.3',
      'sprint_start': '2025-02-05',
    }),
    dict({
      'deliverable_pillar': None,
      'deliverable_status': None,
      'deliverable_title': None,
      'deliverable_url': None,
      'epic_title': None,
      'epic_url': None,
      'issue_closed_at': '2025-02-10',
      'issue_is_closed': True,
      'issue_opened_at': '2025-01-30',
      'issue_parent': 'https://github.com/HHS/simpler-grants-protocol/issues/40',
      'issue_points': 5.0,
      'issue_state': 'closed',
      'issue_status': 'Done',
      'issue_title': '[CLI] Create `cg init` command',
      'issue_type': 'Task',
      'issue_url': 'https://github.com/HHS/simpler-grants-protocol/issues/63',
      'project_number': 17,
      'project_owner': 'HHS',
      'quad_end': None,
      'quad_id': None,
      'quad_length': None,
      'quad_name': None,
      'quad_start': None,
      'sprint_end': '2025-02-19',
      'sprint_id': 'ea360bde',
      'sprint_length': 14,
      'sprint_name': 'Sprint 2.3',
      'sprint_start': '2025-02-05',
    }),
    dict({
      'deliverable_pillar': None,
      'deliverable_status': None,
      'deliverable_title': None,
      'deliverable_url': None,
      'epic_title': None,
      'epic_url': None,
      'issue_closed_at': '2025-02-04',
      'issue_is_closed': True,
      'issue_opened_at': '2025-01-01',
      'issue_parent': 'https://github.com/HHS/simpler-grants-protocol/issues/39',
      'issue_points': 3.0,
      'issue_state': 'closed',
      'issue_status': 'Done',
      'issue_title': '[Spec] Opportunity data model and base types',
      'issue_type': 'Task',
      'issue_url': 'https://github.com/HHS/simpler-grants-protocol/issues/22',
      'project_number': 17,
      'project_owner': 'HHS',
      'quad_end': None,
      'quad_id': None,
      'quad_length': None,
      'quad_name': None,
      'quad_start': None,
      'sprint_end': '2025-02-05',
      'sprint_id': '66557168',
      'sprint_length': 14,
      'sprint_name': 'Sprint 2.2',
      'sprint_start': '2025-01-22',
    }),
    dict({
      'deliverable_pillar': None,
      'deliverable_status': None,
      'deliverable_title': None,
      'deliverable_url': None,
      'epic_title': None,
      'epic_url': None,
      'issue_closed_at': '2025-02-04',
      'issue_is_closed': True,
      'issue_opened_at': '2025-01-02',
      'issue_parent': 'https://github.com/HHS/simpler-grants-gov/issues/3360',
      'issue_points': 1.0,
      'issue_state': 'closed',
      'issue_status': 'Done',
      'issue_title': '[Spec] Create v0.1.0-alpha library',
      'issue_type': 'Task',
      'issue_url': 'https://github.com/HHS/simpler-grants-protocol/issues/39',
      'project_number': 17,
      'project_owner': 'HHS',
      'quad_end': None,
      'quad_id': None,
      'quad_length': None,
      'quad_name': None,
      'quad_start': None,
      'sprint_end': '2025-02-05',
      'sprint_id': '66557168',
      'sprint_length': 14,
      'sprint_name': 'Sprint 2.2',
      'sprint_start': '2025-01-22',
    }),
    dict({
      'deliverable_pillar': None,
      'deliverable_status': None,
      'deliverable_title': None,
      'deliverable_url': None,
      'epic_title': None,
      'epic_url': None,
      'issue_closed_at': '2025-02-04',
      'issue_is_closed': True,
      'issue_opened_at': '2025-01-23',
      'issue_parent': 'https://github.com/HHS/simpler-grants-gov/issues/2944',
      'issue_points': 5.0,
      'issue_state': 'closed',
      'issue_status': 'Done',
      'issue_title': 'Document library - Gather and synthesize feedback',
      'issue_type': 'Task',
      'issue_url': 'https://github.com/HHS/grants-product-and-delivery/issues/383',
      'project_number': 17,
      'project_owner': 'HHS',
      'quad_end': None,
      'quad_id': None,
      'quad_length': None,
      'quad_name': None,
      'quad_start': None,
      'sprint_end': '2025-02-05',
      'sprint_id': '66557168',
      'sprint_length': 14,
      'sprint_name': 'Sprint 2.2',
      'sprint_start': '2025-01-22',
    }),
    dict({
      'deliverable_pillar': None,
      'deliverable_status': None,
      'deliverable_title': None,
      'deliverable_url': None,
      'epic_title': None,
      'epic_url': None,
      'issue_closed_at': '2025-02-04',
      'issue_is_closed': True,
      'issue_opened_at': '2025-01-23',
      'issue_parent': 'https://github.com/HHS/simpler-grants-gov/issues/2946',
      'issue_points': 3.0,
      'issue_state': 'closed',
      'issue_status': 'Done',
      'issue_title': 'Team health survey readout',
      'issue_type': 'Task',
      'issue_url': 'https://github.com/HHS/grants-product-and-delivery/issues/384',
      'project_number': 17,
      'project_owner': 'HHS',
      'quad_end': None,
      'quad_id': None,
      'quad_length': None,
      'quad_name': None,
      'quad_start': None,
      'sprint_end': '2025-02-05',
      'sprint_id': '66557168',
      'sprint_length': 14,
      'sprint_name': 'Sprint 2.2',
      'sprint_start': '2025-01-22',
    }),
    dict({
      'deliverable_pillar': None,
      'deliverable_status': None,
      'deliverable_title': None,
      'deliverable_url': None,
      'epic_title': None,
      'epic_url': None,
      'issue_closed_at': None,
      'issue_is_closed': False,
      'issue_opened_at': '2025-01-23',
      'issue_parent': 'https://github.com/HHS/grants-product-and-delivery/issues/388',
      'issue_points': 5.0,
      'issue_state': 'open',
      'issue_status': 'Blocked',
      'issue_title': 'Baltimore offsite - Line up conference space',
      'issue_type': 'Task',
      'issue_url': 'https://github.com/HHS/grants-product-and-delivery/issues/385',
      'project_number': 17,
      'project_owner': 'HHS',
      'quad_end': None,
      'quad_id': None,
      'quad_length': None,
      'quad_name': None,
      'quad_start': None,
      'sprint_end': '2025-02-05',
      'sprint_id': '66557168',
      'sprint_length': 14,
      'sprint_name': 'Sprint 2.2',
      'sprint_start': '2025-01-22',
    }),
    dict({
      'deliverable_pillar': None,
      'deliverable_status': None,
      'deliverable_title': None,
      'deliverable_url': None,
      'epic_title': None,
      'epic_url': None,
      'issue_closed_at': None,
      'issue_is_closed': False,
      'issue_opened_at': '2025-01-23',
      'issue_parent': 'https://github.com/HHS/grants-product-and-delivery/issues/388',
      'issue_points': None,
      'issue_state': 'open',
      'issue_status': 'Blocked',
      'issue_title': 'Baltimore offsite - Happy hour location',
      'issue_type': 'Task',
      'issue_url': 'https://github.com/HHS/grants-product-and-delivery/issues/387',
      'project_number': 17,
      'project_owner': 'HHS',
      'quad_end': None,
      'quad_id': None,
      'quad_length': None,
      'quad_name': None,
      'quad_start': None,
      'sprint_end': '2025-02-05',
      'sprint_id': '66557168',
      'sprint_length': 14,
      'sprint_name': 'Sprint 2.2',
      'sprint_start': '2025-01-22',
    }),
    dict({
      'deliverable_pillar': None,
      'deliverable_status': None,
      'deliverable_title': None,
      'deliverable_url': None,
      'epic_title': None,
      'epic_url': None,
      'issue_closed_at': '2025-02-03',
      'issue_is_closed': True,
      'issue_opened_at': '2025-01-23',
      'issue_parent': 'https://github.com/HHS/simpler-grants-gov/issues/2930',
      'issue_points': 5.0,
      'issue_state': 'closed',
      'issue_status': 'Done',
      'issue_title': 'Refactor queries in delivery metrics dashboard',
      'issue_type': 'Task',
      'issue_url': 'https://github.com/HHS/simpler-grants-gov/issues/3618',
      'project_number': 17,
      'project_owner': 'HHS',
      'quad_end': None,
      'quad_id': None,
      'quad_length': None,
      'quad_name': None,
      'quad_start': None,
      'sprint_end': '2025-02-05',
      'sprint_id': '66557168',
      'sprint_length': 14,
      'sprint_name': 'Sprint 2.2',
      'sprint_start': '2025-01-22',
    }),
    dict({
      'deliverable_pillar': None,
      'deliverable_status': None,
      'deliverable_title': None,
      'deliverable_url': None,
      'epic_title': None,
      'epic_url': None,
      'issue_closed_at': '2025-01-28',
      'issue_is_closed': True,
      'issue_opened_at': '2025-01-23',
      'issue_parent': 'https://github.com/HHS/simpler-grants-gov/issues/3380',
      'issue_points': 1.0,
      'issue_state': 'closed',
      'issue_status': 'Done',
      'issue_title': 'Sprint Dashboard: Table of tasks should link to GitHub',
      'issue_type': 'Task',
      'issue_url': 'https://github.com/HHS/simpler-grants-gov/issues/3625',
      'project_number': 17,
      'project_owner': 'HHS',
      'quad_end': None,
      'quad_id': None,
      'quad_length': None,
      'quad_name': None,
      'quad_start': None,
      'sprint_end': '2025-02-05',
      'sprint_id': '66557168',
      'sprint_length': 14,
      'sprint_name': 'Sprint 2.2',
      'sprint_start': '2025-01-22',
    }),
    dict({
      'deliverable_pillar': None,
      'deliverable_status': None,
      'deliverable_title': None,
      'deliverable_url': None,
      'epic_title': None,
      'epic_url': None,
      'issue_closed_at': '2025-01-30',
      'issue_is_closed': True,
      'issue_opened_at': '2025-01-08',
      'issue_parent': 'https://github.com/HHS/simpler-grants-gov/issues/3380',
      'issue_points': 3.0,
      'issue_state': 'closed',
      'issue_status': 'Done',
      'issue_title': 'Metrics Dashboards: gather feedback from stakeholders',
      'issue_type': 'Task',
      'issue_url': 'https://github.com/HHS/simpler-grants-gov/issues/3466',
      'project_number': 17,
      'project_owner': 'HHS',
      'quad_end': None,
      'quad_id': None,
      'quad_length': None,
      'quad_name': None,
      'quad_start': None,
      'sprint_end': '2025-02-05',
      'sprint_id': '66557168',
      'sprint_length': 14,
      'sprint_name': 'Sprint 2.2',
      'sprint_start': '2025-01-22',
    }),
    dict({
      'deliverable_pillar': None,
      'deliverable_status': None,
      'deliverable_title': None,
      'deliverable_url': None,
      'epic_title': None,
      'epic_url': None,
      'issue_closed_at': '2025-01-30',
      'issue_is_closed': True,
      'issue_opened_at': '2025-01-23',
      'issue_parent': 'https://github.com/HHS/simpler-grants-gov/issues/3380',
      'issue_points': 3.0,
      'issue_state': 'closed',
      'issue_status': 'Done',
      'issue_title': 'Delivery Dashboard: default to latest available data',
      'issue_type': 'Task',
      'issue_url': 'https://github.com/HHS/simpler-grants-gov/issues/3619',
      'project_number': 17,
      'project_owner': 'HHS',
      'quad_end': None,
      'quad_id': None,
      'quad_length': None,
      'quad_name': None,
      'quad_start': None,
      'sprint_end': '2025-02-05',
      'sprint_id': '66557168',
      'sprint_length': 14,
      'sprint_name': 'Sprint 2.2',
      'sprint_start': '2025-01-22',
    }),
    dict({
      'deliverable_pillar': None,
      'deliverable_status': None,
      'deliverable_title': None,
      'deliverable_url': None,
      'epic_title': None,
      'epic_url': None,
      'issue_closed_at': '2025-01-30',
      'issue_is_closed': True,
      'issue_opened_at': '2025-01-23',
      'issue_parent': 'https://github.com/HHS/simpler-grants-gov/issues/3380',
      'issue_points': 3.0,
      'issue_state': 'closed',
      'issue_status': 'Done',
      'issue_title': 'Delivery Dashboard: reduce empty space in burnup/burndown charts',
      'issue_type': 'Task',
      'issue_url': 'https://github.com/HHS/simpler-grants-gov/issues/3620',
      'project_number': 17,
      'project_owner': 'HHS',
      'quad_end': None,
      'quad_id': None,
      'quad_length': None,
      'quad_name': None,
      'quad_start': None,
      'sprint_end': '2025-02-05',
      'sprint_id': '66557168',
      'sprint_length': 14,
      'sprint_name': 'Sprint 2.2',
      'sprint_start': '2025-01-22',
    }),
    dict({
      'deliverable_pillar': None,
      'deliverable_status': None,
      'deliverable_title': None,
      'deliverable_url': None,
      'epic_title': None,
      'epic_url': None,
      'issue_closed_at': '2025-01-30',
      'issue_is_closed': True,
      'issue_opened_at': '2025-01-23',
      'issue_parent': 'https://github.com/HHS/simpler-grants-gov/issues/3380',
      'issue_points': 3.0,
      'issue_state': 'closed',
      'issue_status': 'Done',
      'issue_title': '''
        Delivery Dashboard: display data for deliverable
                          regardless of quad boundaries
      ''',
      'issue_type': 'Task',
      'issue_url': 'https://github.com/HHS/simpler-grants-gov/issues/3622',
      'project_number': 17,
      'project_owner': 'HHS',
      'quad_end': None,
      'quad_id': None,
      'quad_length': None,
      'quad_name': None,
      'quad_start': None,
      'sprint_end': '2025-02-05',
      'sprint_id': '66557168',
      'sprint_length': 14,
      'sprint_name': 'Sprint 2.2',
      'sprint_start': '2025-01-22',
    }),
    dict({
      'deliverable_pillar': None,
      'deliverable_status': None,
      'deliverable_title': None,
      'deliverable_url': None,
      'epic_title': None,
      'epic_url': None,
      'issue_closed_at': '2025-01-30',
      'issue_is_closed': True,
      'issue_opened_at': '2025-01-23',
      'issue_parent': 'https://github.com/HHS/simpler-grants-gov/issues/3380',
      'issue_points': 3.0,
      'issue_state': 'closed',
      'issue_status': 'Done',
      'issue_title': 'Delivery Dashboard: create option to show/hide closed issues',
      'issue_type': 'Task',
      'issue_url': 'https://github.com/HHS/simpler-grants-gov/issues/3623',
      'project_number': 17,
      'project_owner': 'HHS',
      'quad_end': None,
      'quad_id': None,
      'quad_length': None,
      'quad_name': None,
      'quad_start': None,
      'sprint_end': '2025-02-05',
      'sprint_id': '66557168',
      'sprint_length': 14,
      'sprint_name': 'Sprint 2.2',
      'sprint_start': '2025-01-22',
    }),
    dict({
      'deliverable_pillar': None,
      'deliverable_status': None,
      'deliverable_title': None,
      'deliverable_url': None,
      'epic_title': None,
      'epic_url': None,
      'issue_closed_at': '2025-01-30',
      'issue_is_closed': True,
      'issue_opened_at': '2025-01-23',
      'issue_parent': 'https://github.com/HHS/simpler-grants-gov/issues/3380',
      'issue_points': 1.0,
      'issue_state': 'closed',
      'issue_status': 'Done',
      'issue_title': 'Delivery Dashboard: Table of tasks should link to GitHub',
      'issue_type': 'Task',
      'issue_url': 'https://github.com/HHS/simpler-grants-gov/issues/3624',
      'project_number': 17,
      'project_owner': 'HHS',
      'quad_end': None,
      'quad_id': None,
      'quad_length': None,
      'quad_name': None,
      'quad_start': None,
      'sprint_end': '2025-02-05',
      'sprint_id': '66557168',
      'sprint_length': 14,
      'sprint_name': 'Sprint 2.2',
      'sprint_start': '2025-01-22',
    }),
    dict({
      'deliverable_pillar': None,
      'deliverable_status': None,
      'deliverable_title': None,
      'deliverable_url': None,
      'epic_title': None,
      'epic_url': None,
      'issue_closed_at': '2025-01-30',
      'issue_is_closed': True,
      'issue_opened_at': '2025-01-23',
      'issue_parent': 'https://github.com/HHS/simpler-grants-gov/issues/3380',
      'issue_points': 3.0,
      'issue_state': 'closed',
      'issue_status': 'Done',
      'issue_title': 'Delivery Dashboard: exclude done deliverables from percent pointed chart',
      'issue_type': 'Task',
      'issue_url': 'https://github.com/HHS/simpler-grants-gov/issues/3621',
      'project_number': 17,
      'project_owner': 'HHS',
      'quad_end': None,
      'quad_id': None,
      'quad_length': None,
      'quad_name': None,
      'quad_start': None,
      'sprint_end': '2025-02-05',
      'sprint_id': '66557168',
      'sprint_length': 14,
      'sprint_name': 'Sprint 2.2',
      'sprint_start': '2025-01-22',
    }),
    dict({
      'deliverable_pillar': None,
      'deliverable_status': None,
      'deliverable_title': None,
      'deliverable_url': None,
      'epic_title': None,
      'epic_url': None,
      'issue_closed_at': '2025-01-29',
      'issue_is_closed': True,
      'issue_opened_at': '2025-01-23',
      'issue_parent': 'https://github.com/HHS/simpler-grants-protocol/issues/27',
      'issue_points': 3.0,
      'issue_state': 'closed',
      'issue_status': 'Done',
      'issue_title': '[Spike] Auto-generate API code from TypeSpec',
      'issue_type': 'Task',
      'issue_url': 'https://github.com/HHS/simpler-grants-protocol/issues/48',
      'project_number': 17,
      'project_owner': 'HHS',
      'quad_end': None,
      'quad_id': None,
      'quad_length': None,
      'quad_name': None,
      'quad_start': None,
      'sprint_end': '2025-02-05',
      'sprint_id': '66557168',
      'sprint_length': 14,
      'sprint_name': 'Sprint 2.2',
      'sprint_start': '2025-01-22',
    }),
    dict({
      'deliverable_pillar': None,
      'deliverable_status': None,
      'deliverable_title': None,
      'deliverable_url': None,
      'epic_title': None,
      'epic_url': None,
      'issue_closed_at': '2025-01-27',
      'issue_is_closed': True,
      'issue_opened_at': '2025-01-27',
      'issue_parent': 'https://github.com/HHS/simpler-grants-protocol/issues/24',
      'issue_points': 3.0,
      'issue_state': 'closed',
      'issue_status': 'Done',
      'issue_title': 'ADR: Library publishing strategy',
      'issue_type': 'Task',
      'issue_url': 'https://github.com/HHS/simpler-grants-protocol/issues/54',
      'project_number': 17,
      'project_owner': 'HHS',
      'quad_end': None,
      'quad_id': None,
      'quad_length': None,
      'quad_name': None,
      'quad_start': None,
      'sprint_end': '2025-02-05',
      'sprint_id': '66557168',
      'sprint_length': 14,
      'sprint_name': 'Sprint 2.2',
      'sprint_start': '2025-01-22',
    }),
    dict({
      'deliverable_pillar': None,
      'deliverable_status': None,
      'deliverable_title': None,
      'deliverable_url': None,
      'epic_title': None,
      'epic_url': None,
      'issue_closed_at': '2025-01-21',
      'issue_is_closed': True,
      'issue_opened_at': '2025-01-08',
      'issue_parent': 'https://github.com/HHS/simpler-grants-gov/issues/2944',
      'issue_points': 5.0,
      'issue_state': 'closed',
      'issue_status': 'Done',
      'issue_title': 'Document library - Create user research plan',
      'issue_type': 'Task',
      'issue_url': 'https://github.com/HHS/grants-product-and-delivery/issues/379',
      'project_number': 17,
      'project_owner': 'HHS',
      'quad_end': None,
      'quad_id': None,
      'quad_length': None,
      'quad_name': None,
      'quad_start': None,
      'sprint_end': '2025-01-22',
      'sprint_id': '9b36ea5e',
      'sprint_length': 14,
      'sprint_name': 'Sprint 2.1',
      'sprint_start': '2025-01-08',
    }),
    dict({
      'deliverable_pillar': None,
      'deliverable_status': None,
      'deliverable_title': None,
      'deliverable_url': None,
      'epic_title': None,
      'epic_url': None,
      'issue_closed_at': '2025-01-21',
      'issue_is_closed': True,
      'issue_opened_at': '2024-11-20',
      'issue_parent': 'https://github.com/HHS/simpler-grants-gov/issues/2946',
      'issue_points': 2.0,
      'issue_state': 'closed',
      'issue_status': 'Done',
      'issue_title': 'Process and review survey results with Margaret',
      'issue_type': 'Task',
      'issue_url': 'https://github.com/HHS/simpler-grants-gov/issues/2954',
      'project_number': 17,
      'project_owner': 'HHS',
      'quad_end': None,
      'quad_id': None,
      'quad_length': None,
      'quad_name': None,
      'quad_start': None,
      'sprint_end': '2025-01-22',
      'sprint_id': '9b36ea5e',
      'sprint_length': 14,
      'sprint_name': 'Sprint 2.1',
      'sprint_start': '2025-01-08',
    }),
    dict({
      'deliverable_pillar': None,
      'deliverable_status': None,
      'deliverable_title': None,
      'deliverable_url': None,
      'epic_title': None,
      'epic_url': None,
      'issue_closed_at': '2025-01-21',
      'issue_is_closed': True,
      'issue_opened_at': '2025-01-08',
      'issue_parent': 'https://github.com/HHS/simpler-grants-gov/issues/2930',
      'issue_points': 1.0,
      'issue_state': 'closed',
      'issue_status': 'Done',
      'issue_title': 'Deprecate old `analytics/` code',
      'issue_type': 'Task',
      'issue_url': 'https://github.com/HHS/simpler-grants-gov/issues/3465',
      'project_number': 17,
      'project_owner': 'HHS',
      'quad_end': None,
      'quad_id': None,
      'quad_length': None,
      'quad_name': None,
      'quad_start': None,
      'sprint_end': '2025-01-22',
      'sprint_id': '9b36ea5e',
      'sprint_length': 14,
      'sprint_name': 'Sprint 2.1',
      'sprint_start': '2025-01-08',
    }),
    dict({
      'deliverable_pillar': None,
      'deliverable_status': None,
      'deliverable_title': None,
      'deliverable_url': None,
      'epic_title': None,
      'epic_url': None,
      'issue_closed_at': '2025-01-21',
      'issue_is_closed': True,
      'issue_opened_at': '2024-09-17',
      'issue_parent': 'https://github.com/HHS/simpler-grants-gov/issues/3465',
      'issue_points': 5.0,
      'issue_state': 'closed',
      'issue_status': 'Done',
      'issue_title': 'Update analytics documentation',
      'issue_type': 'Task',
      'issue_url': 'https://github.com/HHS/simpler-grants-gov/issues/2130',
      'project_number': 17,
      'project_owner': 'HHS',
      'quad_end': None,
      'quad_id': None,
      'quad_length': None,
      'quad_name': None,
      'quad_start': None,
      'sprint_end': '2025-01-22',
      'sprint_id': '9b36ea5e',
      'sprint_length': 14,
      'sprint_name': 'Sprint 2.1',
      'sprint_start': '2025-01-08',
    }),
    dict({
      'deliverable_pillar': None,
      'deliverable_status': None,
      'deliverable_title': None,
      'deliverable_url': None,
      'epic_title': None,
      'epic_url': None,
      'issue_closed_at': '2025-01-21',
      'issue_is_closed': True,
      'issue_opened_at': '2025-01-01',
      'issue_parent': 'https://github.com/HHS/simpler-grants-gov/issues/3362',
      'issue_points': 2.0,
      'issue_state': 'closed',
      'issue_status': 'Done',
      'issue_title': '[Branding] Choose a working title for the protocol',
      'issue_type': 'Task',
      'issue_url': 'https://github.com/HHS/simpler-grants-protocol/issues/31',
      'project_number': 17,
      'project_owner': 'HHS',
      'quad_end': None,
      'quad_id': None,
      'quad_length': None,
      'quad_name': None,
      'quad_start': None,
      'sprint_end': '2025-01-22',
      'sprint_id': '9b36ea5e',
      'sprint_length': 14,
      'sprint_name': 'Sprint 2.1',
      'sprint_start': '2025-01-08',
    }),
    dict({
      'deliverable_pillar': None,
      'deliverable_status': None,
      'deliverable_title': None,
      'deliverable_url': None,
      'epic_title': None,
      'epic_url': None,
      'issue_closed_at': '2025-01-20',
      'issue_is_closed': True,
      'issue_opened_at': '2025-01-01',
      'issue_parent': 'https://github.com/HHS/simpler-grants-protocol/issues/34',
      'issue_points': 3.0,
      'issue_state': 'closed',
      'issue_status': 'Done',
      'issue_title': '[Spec] Draft a unified grant data model',
      'issue_type': 'Task',
      'issue_url': 'https://github.com/HHS/simpler-grants-protocol/issues/19',
      'project_number': 17,
      'project_owner': 'HHS',
      'quad_end': None,
      'quad_id': None,
      'quad_length': None,
      'quad_name': None,
      'quad_start': None,
      'sprint_end': '2025-01-22',
      'sprint_id': '9b36ea5e',
      'sprint_length': 14,
      'sprint_name': 'Sprint 2.1',
      'sprint_start': '2025-01-08',
    }),
  ])
# ---
