// Jest Snapshot v1, https://goo.gl/fbAQLP

exports[`Homepage Building Content matches snapshot 1`] = `
<div>
  <div
    class="grid-container padding-y-4 tablet-lg:padding-y-6"
    data-testid="homepage-building"
  >
    <div
      class="grid-row grid-gap"
      data-testid="grid"
    >
      <div
        class="tablet-lg:grid-col tablet-lg:padding-right-6"
        data-testid="grid"
      >
        <img
          alt="events-img"
          class="height-auto position-relative margin-bottom-2 tablet-lg:margin-bottom-0"
          data-nimg="1"
          decoding="async"
          height="40"
          loading="lazy"
          src="/_next/image?url=%2Fimg.jpg&w=96&q=75"
          srcset="/_next/image?url=%2Fimg.jpg&w=48&q=75 1x, /_next/image?url=%2Fimg.jpg&w=96&q=75 2x"
          style="color: transparent;"
          width="40"
        />
      </div>
      <div
        class="tablet-lg:grid-col"
        data-testid="grid"
      >
        <div
          class=""
          data-testid="grid"
        >
          <h2>
            Building 
            <span
              class="text-italic"
            >
              with
            </span>
             you, not 
            <span
              class="text-italic"
            >
              for
            </span>
             you
          </h2>
          <p
            class="font-sans-md tablet-lg:font-sans-lg"
          >
            Transparency is the foundation of good government. That’s why we’re committed to sharing our process and working in the open.
          </p>
          <p
            class="font-sans-md tablet-lg:font-sans-lg"
          >
            All of our code is open-source and the roadmap is public. We welcome everyone to collaborate with us on the vision and details of every feature we build.
          </p>
        </div>
      </div>
    </div>
  </div>
</div>
`;
