// Jest Snapshot v1, https://goo.gl/fbAQLP

exports[`UserInviteForm matches snapshot 1`] = `
<div>
  <form
    action="javascript:throw new Error('A React form was unexpectedly submitted. If you called form.submit() manually, consider using form.requestSubmit() instead. If you\\'re trying to use event.stopPropagation() in a submit event handler, consider also calling event.preventDefault().')"
  >
    <div
      class="grid-row grid-gap-md"
      data-testid="grid"
    >
      <div
        class="tablet:grid-col-4"
        data-testid="grid"
      >
        <div
          class="usa-form-group"
          data-testid="formGroup"
        >
          <label
            class="usa-label"
            data-testid="label"
            for="email"
          >
            inputs.email.label
            <span
              class="usa-hint usa-hint--required"
              data-testid="required-field-indicator"
            >
               *
            </span>
          </label>
          <input
            class="usa-input"
            data-testid="textInput"
            id="inviteUser-email"
            name="email"
            placeholder="inputs.email.placeholder"
            type="email"
          />
        </div>
      </div>
      <div
        class="tablet:grid-col-4"
        data-testid="grid"
      >
        <div
          class="usa-form-group"
          data-testid="formGroup"
        >
          <label
            class="usa-label"
            data-testid="label"
            for="email"
          >
            inputs.role.label
            <span
              class="usa-hint usa-hint--required"
              data-testid="required-field-indicator"
            >
               *
            </span>
          </label>
          <select
            class="usa-select"
            data-testid="Select"
            id="inviteUser-role"
            name="role"
          >
            <option
              value=""
            >
              placeholder
            </option>
            <option
              value="1"
            >
              role_1
            </option>
          </select>
        </div>
      </div>
      <div
        class="tablet:grid-col-4 flex-align-self-end"
        data-testid="grid"
      >
        <button
          class="usa-button tablet:margin-top-0 margin-top-4"
          data-testid="button"
          type="submit"
        >
          <svg
            aria-hidden="true"
            class="usa-icon usa-icon margin-right-05 margin-left-neg-05"
            role="img"
          >
            <use
              href="/img.jpg#send"
            />
          </svg>
          label
        </button>
      </div>
    </div>
  </form>
</div>
`;
