// Jest Snapshot v1, https://goo.gl/fbAQLP

exports[`userProfileForm matches snapshot 1`] = `
<div>
  <form
    action="javascript:throw new Error('A React form was unexpectedly submitted. If you called form.submit() manually, consider using form.requestSubmit() instead. If you\\'re trying to use event.stopPropagation() in a submit event handler, consider also calling event.preventDefault().')"
  >
    <label
      class="usa-label"
      data-testid="label"
      for="firstName"
    >
      <span>
        inputs.firstName
      </span>
      <span
        class="usa-hint usa-hint--required"
        data-testid="required-field-indicator"
      >
         *
      </span>
    </label>
    <input
      class="usa-input"
      data-testid="textInput"
      id="edit-user-first-name"
      name="firstName"
      type="text"
      value="joe"
    />
    <label
      class="usa-label"
      data-testid="label"
      for="middle-name"
    >
      inputs.middleName
    </label>
    <input
      class="usa-input"
      data-testid="textInput"
      id="edit-user-middle-name"
      name="middleName"
      type="text"
    />
    <label
      class="usa-label"
      data-testid="label"
      for="lastName"
    >
      <span>
        inputs.lastName
      </span>
      <span
        class="usa-hint usa-hint--required"
        data-testid="required-field-indicator"
      >
         *
      </span>
    </label>
    <input
      class="usa-input"
      data-testid="textInput"
      id="edit-user-last-name"
      name="lastName"
      type="text"
      value="quisling"
    />
    <label
      class="usa-label"
      data-testid="label"
      for="email"
    >
      inputs.email
    </label>
    <input
      class="usa-input"
      data-testid="textInput"
      disabled=""
      id="edit-user-email"
      name="email"
      type="text"
      value="not-the-real-email@fake.com"
    />
    <button
      class="usa-button margin-top-4"
      data-testid="button"
      type="submit"
    >
      save
    </button>
  </form>
</div>
`;
