// Jest Snapshot v1, https://goo.gl/fbAQLP

exports[`SearchResultsTable matches snapshot 1`] = `
<div>
  <table
    class="usa-table usa-table--borderless simpler-responsive-table width-full tablet-lg:width-auto border-base tablet-lg:border-0"
    data-testid="table"
  >
    <thead>
      <tr>
        <th
          class="bg-base-lightest padding-y-205 minw-15"
          scope="col"
        >
          headings.closeDate
        </th>
        <th
          class="bg-base-lightest padding-y-205 minw-15"
          scope="col"
        >
          headings.status
        </th>
        <th
          class="bg-base-lightest padding-y-205 minw-15"
          scope="col"
        >
          headings.title
        </th>
        <th
          class="bg-base-lightest padding-y-205 minw-15"
          scope="col"
        >
          headings.agency
        </th>
        <th
          class="bg-base-lightest padding-y-205 minw-15"
          scope="col"
        >
          headings.awardMin
        </th>
        <th
          class="bg-base-lightest padding-y-205 minw-15"
          scope="col"
        >
          headings.awardMax
        </th>
      </tr>
    </thead>
    <tbody>
      <tr
        class="border-base border-x border-y tablet-lg:border-0"
      >
        <td
          class="tablet-lg:display-table-cell border-base order-2 tablet-lg:order-0 display-block"
        >
          <div
            class="display-flex flex-align-center"
          >
            <div
              class="tablet-lg:display-none flex-1 text-bold"
              data-testid="responsive-header-0-0"
            >
              headings.closeDate
            </div>
            <div
              class="flex-2"
              data-testid="responsive-data-0-0"
            >
              Feb 1, 2023
            </div>
          </div>
        </td>
        <td
          class="tablet-lg:display-table-cell border-base order-1 tablet-lg:order-1 display-block"
        >
          <div
            class="display-flex flex-align-center"
          >
            <div
              class="tablet-lg:display-none flex-1 text-bold"
              data-testid="responsive-header-0-1"
            >
              headings.status
            </div>
            <div
              class="flex-2"
              data-testid="responsive-data-0-1"
            >
              <div
                class="text-center padding-y-05 minw-15 radius-md bg-accent-warm-light"
              >
                statuses.posted
              </div>
            </div>
          </div>
        </td>
        <td
          class="tablet-lg:display-table-cell border-base order-0 tablet-lg:order-2 display-block"
        >
          <div
            class="display-flex flex-align-center"
          >
            <div
              class="tablet-lg:display-none flex-1 text-bold"
              data-testid="responsive-header-0-2"
            >
              headings.title
            </div>
            <div
              class="flex-2"
              data-testid="responsive-data-0-2"
            >
              <div
                class="font-sans-lg text-bold"
              >
                <a
                  href="/opportunity/63588df8-f2d1-44ed-a201-5804abba696a"
                  id="search-result-link-1-1"
                >
                  Test Opportunity
                </a>
              </div>
              <div
                class="display-none tablet-lg:display-block font-sans-xs"
              >
                <span
                  class="text-bold"
                >
                  number
                  :
                </span>
                 
                OPP-12345
              </div>
            </div>
          </div>
        </td>
        <td
          class="tablet-lg:display-table-cell border-base order-3 tablet-lg:order-3 display-block"
        >
          <div
            class="display-flex flex-align-center"
          >
            <div
              class="tablet-lg:display-none flex-1 text-bold"
              data-testid="responsive-header-0-3"
            >
              headings.agency
            </div>
            <div
              class="flex-2"
              data-testid="responsive-data-0-3"
            >
              <div
                class="tablet-lg:margin-bottom-1"
              />
              <div
                class="font-sans-xs display-none tablet-lg:display-block"
              >
                <span
                  class="text-bold"
                >
                  published
                </span>
                :
                 
                Jan 15, 2023
              </div>
              <div
                class="font-sans-xs display-none tablet-lg:display-block"
              >
                expectedAwards
                :
                 
                --
              </div>
            </div>
          </div>
        </td>
        <td
          class="tablet-lg:display-table-cell border-base order-4 tablet-lg:order-4 display-block"
        >
          <div
            class="display-flex flex-align-center"
          >
            <div
              class="tablet-lg:display-none flex-1 text-bold"
              data-testid="responsive-header-0-4"
            >
              headings.awardMin
            </div>
            <div
              class="flex-2"
              data-testid="responsive-data-0-4"
            >
              $10,000
            </div>
          </div>
        </td>
        <td
          class="tablet-lg:display-table-cell border-base order-5 tablet-lg:order-5 display-block"
        >
          <div
            class="display-flex flex-align-center"
          >
            <div
              class="tablet-lg:display-none flex-1 text-bold"
              data-testid="responsive-header-0-5"
            >
              headings.awardMax
            </div>
            <div
              class="flex-2"
              data-testid="responsive-data-0-5"
            >
              $50,000
            </div>
          </div>
        </td>
      </tr>
    </tbody>
  </table>
</div>
`;
