// Jest Snapshot v1, https://goo.gl/fbAQLP

exports[`LoginButton matches snapshot 1`] = `
<div>
  <a
    class="padding-0 text-no-underline text-primary-dark display-flex"
    href="/api/auth/login"
  >
    <button
      class="usa-button usa-nav__link font-sans-2xs display-flex text-normal border-0"
      data-testid="sign-in-button"
      type="button"
    >
      <svg
        aria-hidden="true"
        class="usa-icon usa-icon margin-right-05 margin-left-neg-05"
        role="img"
      >
        <use
          href="/img.jpg#login"
        />
      </svg>
      whatever
    </button>
  </a>
</div>
`;

exports[`LoginLink matches snapshot 1`] = `
<div>
  <a
    href="/api/auth/login"
  >
    <span>
      hi
    </span>
  </a>
</div>
`;
