// Jest Snapshot v1, https://goo.gl/fbAQLP

exports[`LoginButton matches snapshot 1`] = `
<div>
  <div
    class="usa-nav__primary-item border-top-0 height-full"
  >
    <a
      class="usa-nav__link text-normal font-sans-2xs display-flex flex-align-center height-full"
      href="/api/auth/login"
    >
      <svg
        aria-hidden="true"
        class="usa-icon usa-icon margin-right-105 margin-left-neg-05"
        role="img"
      >
        <use
          href="/img.jpg#login"
        />
      </svg>
      whatever
    </a>
  </div>
</div>
`;

exports[`LoginLink matches snapshot 1`] = `
<div>
  <a
    href="/api/auth/login"
  >
    <span>
      hi
    </span>
  </a>
</div>
`;
