// Jest Snapshot v1, https://goo.gl/fbAQLP

exports[`SimplerModal matches snapshot 1`] = `
<div>
  <div
    aria-describedby="modal-id-description"
    aria-labelledby="modal-id-heading"
    class="usa-modal-wrapper is-hidden"
    data-force-action="false"
    id="modal-id"
    role="dialog"
  >
    <div
      aria-controls="modal-id"
      class="usa-modal-overlay"
      data-testid="modalOverlay"
    >
      <div
        class="usa-modal modal-class"
        data-force-action="false"
        data-testid="modalWindow"
        tabindex="-1"
      >
        <div
          class="usa-modal__content"
        >
          <div
            class="usa-modal__main"
          >
            <h2
              class="usa-modal__heading"
              id="modal-id-heading"
            >
              title text
            </h2>
            <div
              id="modal-id-description"
            >
              content
            </div>
          </div>
          <button
            aria-controls="modal-id"
            aria-label="Close this window"
            class="usa-button usa-modal__close"
            data-close-modal="true"
            data-testid="button"
            type="button"
          >
            <svg
              aria-hidden="true"
              class="usa-icon"
              focusable="false"
              height="1em"
              role="img"
              viewBox="0 0 24 24"
              width="1em"
              xmlns="http://www.w3.org/2000/svg"
            >
              <path
                d="M19 6.41 17.59 5 12 10.59 6.41 5 5 6.41 10.59 12 5 17.59 6.41 19 12 13.41 17.59 19 19 17.59 13.41 12z"
              />
            </svg>
          </button>
        </div>
      </div>
    </div>
  </div>
</div>
`;
