// Jest Snapshot v1, https://goo.gl/fbAQLP

exports[`TableWithResponsiveHeader matches snapshot 1`] = `
<div>
  <table
    class="usa-table usa-table--borderless simpler-responsive-table width-full tablet-lg:width-auto border-base tablet-lg:border-0"
    data-testid="table"
  >
    <thead>
      <tr>
        <th
          class="bg-base-lightest padding-y-205 minw-15"
          scope="col"
        >
          hi
        </th>
        <th
          class="bg-base-lightest padding-y-205 minw-15"
          scope="col"
        >
          a heading
        </th>
        <th
          class="bg-base-lightest padding-y-205 minw-15"
          scope="col"
        >
          table header cell
        </th>
      </tr>
    </thead>
    <tbody>
      <tr
        class="border-base border-x border-y tablet-lg:border-0"
      >
        <td
          class="tablet-lg:display-table-cell border-base order-1 tablet-lg:order-0 display-block"
        >
          <div
            class="display-flex flex-align-center"
          >
            <div
              class="tablet-lg:display-none flex-1 text-bold"
              data-testid="responsive-header-0-0"
            >
              hi
            </div>
            <div
              class="flex-2"
              data-testid="responsive-data-0-0"
            >
              hi from row one
            </div>
          </div>
        </td>
        <td
          class="tablet-lg:display-table-cell border-base order-0 tablet-lg:order-1 display-block"
        >
          <div
            class="display-flex flex-align-center"
          >
            <div
              class="tablet-lg:display-none flex-1 text-bold"
              data-testid="responsive-header-0-1"
            >
              a heading
            </div>
            <div
              class="flex-2"
              data-testid="responsive-data-0-1"
            >
              i am column two
            </div>
          </div>
        </td>
        <td
          class="tablet-lg:display-table-cell border-base order--1 tablet-lg:order-2 display-none"
        >
          <div
            class="display-flex flex-align-center"
          >
            <div
              class="tablet-lg:display-none flex-1 text-bold"
              data-testid="responsive-header-0-2"
            >
              table header cell
            </div>
            <div
              class="flex-2"
              data-testid="responsive-data-0-2"
            >
              some data
            </div>
          </div>
        </td>
      </tr>
      <tr
        class="border-base border-x border-y tablet-lg:border-0"
      >
        <td
          class="tablet-lg:display-table-cell border-base order-1 tablet-lg:order-0 display-block"
        >
          <div
            class="display-flex flex-align-center"
          >
            <div
              class="tablet-lg:display-none flex-1 text-bold"
              data-testid="responsive-header-1-0"
            >
              hi
            </div>
            <div
              class="flex-2"
              data-testid="responsive-data-1-0"
            >
              hi from row two
            </div>
          </div>
        </td>
        <td
          class="tablet-lg:display-table-cell border-base order-0 tablet-lg:order-1 display-block"
        >
          <div
            class="display-flex flex-align-center"
          >
            <div
              class="tablet-lg:display-none flex-1 text-bold"
              data-testid="responsive-header-1-1"
            >
              a heading
            </div>
            <div
              class="flex-2"
              data-testid="responsive-data-1-1"
            >
              still column two
            </div>
          </div>
        </td>
        <td
          class="tablet-lg:display-table-cell border-base order--1 tablet-lg:order-2 display-none"
        >
          <div
            class="display-flex flex-align-center"
          >
            <div
              class="tablet-lg:display-none flex-1 text-bold"
              data-testid="responsive-header-1-2"
            >
              table header cell
            </div>
            <div
              class="flex-2"
              data-testid="responsive-data-1-2"
            >
              some more data
            </div>
          </div>
        </td>
      </tr>
      <tr
        class="border-base border-x border-y tablet-lg:border-0"
      >
        <td
          class="tablet-lg:display-table-cell border-base order-1 tablet-lg:order-0 display-block"
        >
          <div
            class="display-flex flex-align-center"
          >
            <div
              class="tablet-lg:display-none flex-1 text-bold"
              data-testid="responsive-header-2-0"
            >
              hi
            </div>
            <div
              class="flex-2"
              data-testid="responsive-data-2-0"
            >
              hi from row three
            </div>
          </div>
        </td>
        <td
          class="tablet-lg:display-table-cell border-base order-0 tablet-lg:order-1 display-block"
        >
          <div
            class="display-flex flex-align-center"
          >
            <div
              class="tablet-lg:display-none flex-1 text-bold"
              data-testid="responsive-header-2-1"
            >
              a heading
            </div>
            <div
              class="flex-2"
              data-testid="responsive-data-2-1"
            >
              column two
            </div>
          </div>
        </td>
        <td
          class="tablet-lg:display-table-cell border-base order--1 tablet-lg:order-2 display-none"
        >
          <div
            class="display-flex flex-align-center"
          >
            <div
              class="tablet-lg:display-none flex-1 text-bold"
              data-testid="responsive-header-2-2"
            >
              table header cell
            </div>
            <div
              class="flex-2"
              data-testid="responsive-data-2-2"
            >
              even more data
            </div>
          </div>
        </td>
      </tr>
    </tbody>
  </table>
</div>
`;
