// Jest Snapshot v1, https://goo.gl/fbAQLP

exports[`Events renders Events page unchanged 1`] = `
<div>
  <div
    class="text-white bg-primary-darkest padding-top-2 tablet:padding-y-6"
  >
    <div
      class="grid-container"
      data-testid="gridContainer"
    >
      <div
        class="grid-row grid-gap"
        data-testid="grid"
      >
        <div
          class="tablet:grid-col-fill"
          data-testid="grid"
        >
          <h1
            class="desktop-lg:font-sans-3xl"
          >
            header
          </h1>
          <p
            class="text-balance font-sans-md tablet:font-sans-lg margin-bottom-4 tablet:margin-bottom-0"
          >
            pageDescription
          </p>
        </div>
        <div
          class="tablet:grid-col-6 tablet-lg:grid-col-auto"
          data-testid="grid"
        >
          <div
            class="display-flex flex-justify-center flex-align-center margin-x-neg-2 tablet:margin-x-0"
            data-testid="grid"
          >
            <img
              alt="events-img"
              class="minh-full width-full"
              data-nimg="1"
              decoding="async"
              height="320"
              loading="lazy"
              src="/_next/image?url=%2Fimg.jpg&w=1080&q=75"
              srcset="/_next/image?url=%2Fimg.jpg&w=640&q=75 1x, /_next/image?url=%2Fimg.jpg&w=1080&q=75 2x"
              style="color: transparent; object-fit: cover;"
              width="450"
            />
          </div>
        </div>
      </div>
    </div>
  </div>
  <div
    class="grid-container padding-y-4 tablet-lg:padding-y-6"
    data-testid="events-demo-content"
  >
    <div
      class="grid-row grid-gap"
      data-testid="grid"
    >
      <div
        class="tablet:grid-col-5"
        data-testid="grid"
      >
        <img
          alt="events-img"
          class="height-auto position-relative"
          data-nimg="1"
          decoding="async"
          height="40"
          loading="lazy"
          src="/_next/image?url=%2Fimg.jpg&w=96&q=75"
          srcset="/_next/image?url=%2Fimg.jpg&w=48&q=75 1x, /_next/image?url=%2Fimg.jpg&w=96&q=75 2x"
          style="color: transparent;"
          width="40"
        />
      </div>
      <div
        class="tablet:grid-col-7"
        data-testid="grid"
      >
        <div
          class=""
          data-testid="grid"
        >
          <h2>
            title
          </h2>
        </div>
        <div
          class=""
          data-testid="grid"
        >
          <p
            class="font-sans-md line-height-sans-4"
          >
            description
          </p>
          <h3>
            watch
          </h3>
          <p>
            <a
              class="font-sans-md line-height-sans-4"
              href="https://vimeo.com/1050177794/278fa78e0b?share=copy"
              rel="noopener noreferrer"
              target="_blank"
            >
              watchLink
            </a>
          </p>
        </div>
      </div>
    </div>
  </div>
  <div
    class="grid-container padding-y-4 tablet-lg:padding-y-6"
    data-testid="events-coding-content"
  >
    <div
      class="grid-row grid-gap"
      data-testid="grid"
    >
      <div
        class="tablet:grid-col-7"
        data-testid="grid"
      >
        <h2>
          title
        </h2>
        <p>
          descriptionP1
        </p>
        <p>
          descriptionP2
        </p>
        <p>
          <a
            class="font-sans-md line-height-sans-4"
            href="https://wiki.simpler.grants.gov/get-involved/community-events/spring-2025-collaborative-coding-challenge"
            rel="noopener noreferrer"
            target="_blank"
          >
            link
          </a>
        </p>
      </div>
      <div
        class="tablet:grid-col-5"
        data-testid="grid"
      >
        <img
          alt="events-img"
          class="height-auto position-relative padding-y-3 padding-left-6"
          data-nimg="1"
          decoding="async"
          height="40"
          loading="lazy"
          src="/_next/image?url=%2Fimg.jpg&w=96&q=75"
          srcset="/_next/image?url=%2Fimg.jpg&w=48&q=75 1x, /_next/image?url=%2Fimg.jpg&w=96&q=75 2x"
          style="color: transparent;"
          width="40"
        />
      </div>
    </div>
  </div>
</div>
`;
