// Jest Snapshot v1, https://goo.gl/fbAQLP

exports[`Saved Opportunities page to match snapshot 1`] = `
{
  "$$typeof": Symbol(react.transitional.element),
  "_owner": null,
  "_store": {},
  "key": null,
  "props": {
    "children": [
      {
        "$$typeof": Symbol(react.transitional.element),
        "_owner": null,
        "_store": {},
        "key": null,
        "props": {
          "children": {
            "$$typeof": Symbol(react.transitional.element),
            "_owner": null,
            "_store": {},
            "key": null,
            "props": {
              "children": "SavedOpportunities.heading",
              "className": "tablet-lg:font-sans-xl desktop-lg:font-sans-2xl margin-top-0",
            },
            "type": "h1",
          },
        },
        "type": [Function],
      },
      {
        "$$typeof": Symbol(react.transitional.element),
        "_owner": null,
        "_store": {},
        "key": null,
        "props": {
          "children": {
            "$$typeof": Symbol(react.transitional.element),
            "_owner": null,
            "_store": {},
            "key": null,
            "props": {
              "children": {
                "$$typeof": Symbol(react.transitional.element),
                "_owner": null,
                "_store": {},
                "key": null,
                "props": {
                  "noSavedCTA": "SavedOpportunities.noSavedCTA",
                  "searchButtonText": "SavedOpportunities.searchButton",
                },
                "type": [Function],
              },
              "className": "grid-container padding-y-5 display-flex",
            },
            "type": "div",
          },
          "className": "bg-base-lightest",
        },
        "type": "div",
      },
    ],
  },
  "type": Symbol(react.fragment),
}
`;
