// Jest Snapshot v1, https://goo.gl/fbAQLP

exports[`Saved Opportunities page to match snapshot 1`] = `
{
  "$$typeof": Symbol(react.transitional.element),
  "_owner": null,
  "_store": {},
  "key": null,
  "props": {
    "children": [
      {
        "$$typeof": Symbol(react.transitional.element),
        "_owner": null,
        "_store": {},
        "key": null,
        "props": {
          "children": [
            {
              "$$typeof": Symbol(react.transitional.element),
              "_owner": null,
              "_store": {},
              "key": null,
              "props": {
                "breadcrumbList": [
                  {
                    "path": "/",
                    "title": "Home",
                  },
                  {
                    "path": "/saved-opportunities/",
                    "title": "Saved opportunities",
                  },
                ],
              },
              "type": [Function],
            },
            {
              "$$typeof": Symbol(react.transitional.element),
              "_owner": null,
              "_store": {},
              "key": null,
              "props": {
                "children": "SavedOpportunities.heading",
                "className": "margin-top-0",
              },
              "type": "h1",
            },
          ],
        },
        "type": [Function],
      },
      {
        "$$typeof": Symbol(react.transitional.element),
        "_owner": null,
        "_store": {},
        "key": null,
        "props": {
          "children": {
            "$$typeof": Symbol(react.transitional.element),
            "_owner": null,
            "_store": {},
            "key": null,
            "props": {},
            "type": [Function],
          },
          "className": "grid-container padding-y-5 display-flex",
        },
        "type": "div",
      },
    ],
  },
  "type": Symbol(react.fragment),
}
`;
