// Jest Snapshot v1, https://goo.gl/fbAQLP

exports[`StartApplicationModalControl matches snapshot 1`] = `
<div>
  <div
    class="display-flex flex-align-start"
  >
    <button
      aria-controls="start-application"
      class="usa-button usa-button"
      data-open-modal="true"
      data-testid="open-start-application-modal-button"
      disabled=""
      type="button"
    >
      <span
        aria-label="Loading!"
        class="grants-spinner height-105 width-105 button-icon-large"
        role="progressbar"
      />
       
      Loading
    </button>
  </div>
</div>
`;
